/home/pronoy/miniconda3/envs/fedenv/lib/python3.12/site-packages/sklearn/datasets/_openml.py:109: UserWarning: A network error occurred while downloading https://www.openml.org/api/v1/json/data/list/data_name/adult/limit/2/data_version/2. Retrying...
  warn(
Traceback (most recent call last):
  File "/home/pronoy/fedrsg-code/grounding/comp_cost.py", line 60, in <module>
    main()
  File "/home/pronoy/fedrsg-code/grounding/comp_cost.py", line 37, in main
    tr, te, meta = get_dataset(args.dataset, args.root)
                   ^^^^^^^^^^^^^^^^^^^^^^^^^^^^^^^^^^^^
  File "/home/pronoy/fedrsg-code/grounding/common.py", line 61, in get_dataset
    return _get_adult(root)
           ^^^^^^^^^^^^^^^^
  File "/home/pronoy/fedrsg-code/grounding/common.py", line 72, in _get_adult
    ds = fetch_openml("adult", version=2, as_frame=True, data_home=root)
         ^^^^^^^^^^^^^^^^^^^^^^^^^^^^^^^^^^^^^^^^^^^^^^^^^^^^^^^^^^^^^^^
  File "/home/pronoy/miniconda3/envs/fedenv/lib/python3.12/site-packages/sklearn/utils/_param_validation.py", line 218, in wrapper
    return func(*args, **kwargs)
           ^^^^^^^^^^^^^^^^^^^^^
  File "/home/pronoy/miniconda3/envs/fedenv/lib/python3.12/site-packages/sklearn/datasets/_openml.py", line 1016, in fetch_openml
    data_info = _get_data_info_by_name(
                ^^^^^^^^^^^^^^^^^^^^^^^
  File "/home/pronoy/miniconda3/envs/fedenv/lib/python3.12/site-packages/sklearn/datasets/_openml.py", line 334, in _get_data_info_by_name
    json_data = _get_json_content_from_openml_api(
                ^^^^^^^^^^^^^^^^^^^^^^^^^^^^^^^^^^
  File "/home/pronoy/miniconda3/envs/fedenv/lib/python3.12/site-packages/sklearn/datasets/_openml.py", line 256, in _get_json_content_from_openml_api
    raise error
  File "/home/pronoy/miniconda3/envs/fedenv/lib/python3.12/site-packages/sklearn/datasets/_openml.py", line 251, in _get_json_content_from_openml_api
    return _load_json()
           ^^^^^^^^^^^^
  File "/home/pronoy/miniconda3/envs/fedenv/lib/python3.12/site-packages/sklearn/datasets/_openml.py", line 66, in wrapper
    return f(*args, **kw)
           ^^^^^^^^^^^^^^
  File "/home/pronoy/miniconda3/envs/fedenv/lib/python3.12/site-packages/sklearn/datasets/_openml.py", line 246, in _load_json
    _open_openml_url(url, data_home, n_retries=n_retries, delay=delay)
  File "/home/pronoy/miniconda3/envs/fedenv/lib/python3.12/site-packages/sklearn/datasets/_openml.py", line 178, in _open_openml_url
    _retry_on_network_error(n_retries, delay, req.full_url)(urlopen)(
  File "/home/pronoy/miniconda3/envs/fedenv/lib/python3.12/site-packages/sklearn/datasets/_openml.py", line 102, in wrapper
    return f(*args, **kwargs)
           ^^^^^^^^^^^^^^^^^^
  File "/home/pronoy/miniconda3/envs/fedenv/lib/python3.12/urllib/request.py", line 215, in urlopen
    return opener.open(url, data, timeout)
           ^^^^^^^^^^^^^^^^^^^^^^^^^^^^^^^
  File "/home/pronoy/miniconda3/envs/fedenv/lib/python3.12/urllib/request.py", line 521, in open
    response = meth(req, response)
               ^^^^^^^^^^^^^^^^^^^
  File "/home/pronoy/miniconda3/envs/fedenv/lib/python3.12/urllib/request.py", line 630, in http_response
    response = self.parent.error(
               ^^^^^^^^^^^^^^^^^^
  File "/home/pronoy/miniconda3/envs/fedenv/lib/python3.12/urllib/request.py", line 559, in error
    return self._call_chain(*args)
           ^^^^^^^^^^^^^^^^^^^^^^^
  File "/home/pronoy/miniconda3/envs/fedenv/lib/python3.12/urllib/request.py", line 492, in _call_chain
    result = func(*args)
             ^^^^^^^^^^^
  File "/home/pronoy/miniconda3/envs/fedenv/lib/python3.12/urllib/request.py", line 639, in http_error_default
    raise HTTPError(req.full_url, code, msg, hdrs, fp)
urllib.error.HTTPError: HTTP Error 504: Gateway Time-out
[adult] device=cuda, loading data...
/home/pronoy/miniconda3/envs/fedenv/lib/python3.12/site-packages/sklearn/datasets/_openml.py:109: UserWarning: A network error occurred while downloading https://www.openml.org/api/v1/json/data/list/data_name/adult/limit/2/data_version/2. Retrying...
  warn(
Traceback (most recent call last):
  File "/home/pronoy/fedrsg-code/grounding/comp_cost.py", line 64, in <module>
    main()
  File "/home/pronoy/fedrsg-code/grounding/comp_cost.py", line 40, in main
    tr, te, meta = get_dataset(args.dataset, args.root)
                   ^^^^^^^^^^^^^^^^^^^^^^^^^^^^^^^^^^^^
  File "/home/pronoy/fedrsg-code/grounding/common.py", line 61, in get_dataset
    return _get_adult(root)
           ^^^^^^^^^^^^^^^^
  File "/home/pronoy/fedrsg-code/grounding/common.py", line 72, in _get_adult
    ds = fetch_openml("adult", version=2, as_frame=True, data_home=root)
         ^^^^^^^^^^^^^^^^^^^^^^^^^^^^^^^^^^^^^^^^^^^^^^^^^^^^^^^^^^^^^^^
  File "/home/pronoy/miniconda3/envs/fedenv/lib/python3.12/site-packages/sklearn/utils/_param_validation.py", line 218, in wrapper
    return func(*args, **kwargs)
           ^^^^^^^^^^^^^^^^^^^^^
  File "/home/pronoy/miniconda3/envs/fedenv/lib/python3.12/site-packages/sklearn/datasets/_openml.py", line 1016, in fetch_openml
    data_info = _get_data_info_by_name(
                ^^^^^^^^^^^^^^^^^^^^^^^
  File "/home/pronoy/miniconda3/envs/fedenv/lib/python3.12/site-packages/sklearn/datasets/_openml.py", line 334, in _get_data_info_by_name
    json_data = _get_json_content_from_openml_api(
                ^^^^^^^^^^^^^^^^^^^^^^^^^^^^^^^^^^
  File "/home/pronoy/miniconda3/envs/fedenv/lib/python3.12/site-packages/sklearn/datasets/_openml.py", line 256, in _get_json_content_from_openml_api
    raise error
  File "/home/pronoy/miniconda3/envs/fedenv/lib/python3.12/site-packages/sklearn/datasets/_openml.py", line 251, in _get_json_content_from_openml_api
    return _load_json()
           ^^^^^^^^^^^^
  File "/home/pronoy/miniconda3/envs/fedenv/lib/python3.12/site-packages/sklearn/datasets/_openml.py", line 66, in wrapper
    return f(*args, **kw)
           ^^^^^^^^^^^^^^
  File "/home/pronoy/miniconda3/envs/fedenv/lib/python3.12/site-packages/sklearn/datasets/_openml.py", line 246, in _load_json
    _open_openml_url(url, data_home, n_retries=n_retries, delay=delay)
  File "/home/pronoy/miniconda3/envs/fedenv/lib/python3.12/site-packages/sklearn/datasets/_openml.py", line 178, in _open_openml_url
    _retry_on_network_error(n_retries, delay, req.full_url)(urlopen)(
  File "/home/pronoy/miniconda3/envs/fedenv/lib/python3.12/site-packages/sklearn/datasets/_openml.py", line 102, in wrapper
    return f(*args, **kwargs)
           ^^^^^^^^^^^^^^^^^^
  File "/home/pronoy/miniconda3/envs/fedenv/lib/python3.12/urllib/request.py", line 215, in urlopen
    return opener.open(url, data, timeout)
           ^^^^^^^^^^^^^^^^^^^^^^^^^^^^^^^
  File "/home/pronoy/miniconda3/envs/fedenv/lib/python3.12/urllib/request.py", line 521, in open
    response = meth(req, response)
               ^^^^^^^^^^^^^^^^^^^
  File "/home/pronoy/miniconda3/envs/fedenv/lib/python3.12/urllib/request.py", line 630, in http_response
    response = self.parent.error(
               ^^^^^^^^^^^^^^^^^^
  File "/home/pronoy/miniconda3/envs/fedenv/lib/python3.12/urllib/request.py", line 559, in error
    return self._call_chain(*args)
           ^^^^^^^^^^^^^^^^^^^^^^^
  File "/home/pronoy/miniconda3/envs/fedenv/lib/python3.12/urllib/request.py", line 492, in _call_chain
    result = func(*args)
             ^^^^^^^^^^^
  File "/home/pronoy/miniconda3/envs/fedenv/lib/python3.12/urllib/request.py", line 639, in http_error_default
    raise HTTPError(req.full_url, code, msg, hdrs, fp)
urllib.error.HTTPError: HTTP Error 504: Gateway Time-out
[adult] device=cuda, loading data...
/home/pronoy/miniconda3/envs/fedenv/lib/python3.12/site-packages/sklearn/datasets/_openml.py:109: UserWarning: A network error occurred while downloading https://www.openml.org/api/v1/json/data/list/data_name/adult/limit/2/data_version/2. Retrying...
  warn(
[adult] OpenML fetch failed (attempt 1/3): HTTP Error 504: Gateway Time-out
[adult] OpenML fetch failed (attempt 2/3): HTTP Error 504: Gateway Time-out
[adult] OpenML fetch failed (attempt 3/3): HTTP Error 504: Gateway Time-out
[adult] OpenML unreachable -> falling back to offline sklearn digits (tabular 64-d, 10 cls). Report as 'Digits' if used.
[adult] data ready (1437 train), building model...
[adult] epoch   1  test_acc 0.7583  lr 0.0375
[adult] epoch   2  test_acc 0.7667  lr 0.0125
[adult] epoch   3  test_acc 0.8278  lr 0.0000
wrote results/comp_adult.csv
[adult] device=cuda, loading data...
/home/pronoy/miniconda3/envs/fedenv/lib/python3.12/site-packages/sklearn/datasets/_openml.py:109: UserWarning: A network error occurred while downloading https://www.openml.org/api/v1/json/data/list/data_name/adult/limit/2/data_version/2. Retrying...
  warn(
[adult] OpenML fetch failed (attempt 1/3): HTTP Error 504: Gateway Time-out
[adult] OpenML fetch failed (attempt 2/3): HTTP Error 504: Gateway Time-out
[adult] OpenML fetch failed (attempt 3/3): HTTP Error 504: Gateway Time-out
[adult] OpenML unreachable -> falling back to offline sklearn digits (tabular 64-d, 10 cls). Report as 'Digits' if used.
[adult] data ready (1437 train), building model...
[adult] epoch   1  step 12  test_acc 0.5917  lr 0.0375
[adult] epoch   2  step 24  test_acc 0.7500  lr 0.0125
[adult] epoch   3  step 36  test_acc 0.7889  lr 0.0000
wrote results/comp_adult.csv
[adult] device=cuda, loading data...
/home/pronoy/miniconda3/envs/fedenv/lib/python3.12/site-packages/sklearn/datasets/_openml.py:109: UserWarning: A network error occurred while downloading https://www.openml.org/api/v1/json/data/list/data_name/adult/limit/2/data_version/2. Retrying...
  warn(
[adult] OpenML fetch failed (attempt 1/3): HTTP Error 504: Gateway Time-out
[adult] OpenML fetch failed (attempt 2/3): HTTP Error 504: Gateway Time-out
[adult] OpenML fetch failed (attempt 3/3): HTTP Error 504: Gateway Time-out
[adult] OpenML unreachable -> falling back to offline sklearn digits (tabular 64-d, 10 cls). Report as 'Digits' if used.
[adult] data ready (1437 train), building model...
[adult] epoch   1  step 12  test_acc 0.7000  lr 0.0499
[adult] epoch   2  step 24  test_acc 0.7556  lr 0.0497
[adult] epoch   3  step 36  test_acc 0.9167  lr 0.0493
[adult] epoch   4  step 48  test_acc 0.9500  lr 0.0488
[adult] epoch   5  step 60  test_acc 0.9611  lr 0.0481
[adult] epoch   6  step 72  test_acc 0.9750  lr 0.0473
[adult] epoch   7  step 84  test_acc 0.9806  lr 0.0463
[adult] epoch   8  step 96  test_acc 0.9722  lr 0.0452
[adult] epoch   9  step 108  test_acc 0.9778  lr 0.0440
[adult] epoch  10  step 120  test_acc 0.9806  lr 0.0427
[adult] epoch  11  step 132  test_acc 0.9806  lr 0.0412
[adult] epoch  12  step 144  test_acc 0.9806  lr 0.0397
[adult] epoch  13  step 156  test_acc 0.9778  lr 0.0381
[adult] epoch  14  step 168  test_acc 0.9806  lr 0.0363
[adult] epoch  15  step 180  test_acc 0.9806  lr 0.0346
[adult] epoch  16  step 192  test_acc 0.9778  lr 0.0327
[adult] epoch  17  step 204  test_acc 0.9778  lr 0.0308
[adult] epoch  18  step 216  test_acc 0.9778  lr 0.0289
[adult] epoch  19  step 228  test_acc 0.9806  lr 0.0270
[adult] epoch  20  step 240  test_acc 0.9833  lr 0.0250
[adult] epoch  21  step 252  test_acc 0.9833  lr 0.0230
[adult] epoch  22  step 264  test_acc 0.9833  lr 0.0211
[adult] epoch  23  step 276  test_acc 0.9806  lr 0.0192
[adult] epoch  24  step 288  test_acc 0.9861  lr 0.0173
[adult] epoch  25  step 300  test_acc 0.9861  lr 0.0154
[adult] epoch  26  step 312  test_acc 0.9861  lr 0.0137
[adult] epoch  27  step 324  test_acc 0.9861  lr 0.0119
[adult] epoch  28  step 336  test_acc 0.9861  lr 0.0103
[adult] epoch  29  step 348  test_acc 0.9861  lr 0.0088
[adult] epoch  30  step 360  test_acc 0.9861  lr 0.0073
[adult] epoch  31  step 372  test_acc 0.9861  lr 0.0060
[adult] epoch  32  step 384  test_acc 0.9861  lr 0.0048
[adult] epoch  33  step 396  test_acc 0.9861  lr 0.0037
[adult] epoch  34  step 408  test_acc 0.9861  lr 0.0027
[adult] epoch  35  step 420  test_acc 0.9861  lr 0.0019
[adult] epoch  36  step 432  test_acc 0.9861  lr 0.0012
[adult] epoch  37  step 444  test_acc 0.9861  lr 0.0007
[adult] epoch  38  step 456  test_acc 0.9861  lr 0.0003
[adult] epoch  39  step 468  test_acc 0.9861  lr 0.0001
[adult] epoch  40  step 480  test_acc 0.9861  lr 0.0000
wrote results/comp_adult.csv
