/home/pronoy/miniconda3/envs/fedenv/lib/python3.12/site-packages/sklearn/datasets/_openml.py:109: UserWarning: A network error occurred while downloading https://www.openml.org/api/v1/json/data/list/data_name/adult/limit/2/data_version/2. Retrying...
  warn(
Traceback (most recent call last):
  File "/home/pronoy/fedrsg-code/grounding/dp_accuracy.py", line 88, in <module>
    main()
  File "/home/pronoy/fedrsg-code/grounding/dp_accuracy.py", line 79, in main
    realized, acc = train_dp(args.dataset, te, args.epochs, args.batch,
                    ^^^^^^^^^^^^^^^^^^^^^^^^^^^^^^^^^^^^^^^^^^^^^^^^^^^
  File "/home/pronoy/fedrsg-code/grounding/dp_accuracy.py", line 38, in train_dp
    tr, te, meta = get_dataset(dataset, root)
                   ^^^^^^^^^^^^^^^^^^^^^^^^^^
  File "/home/pronoy/fedrsg-code/grounding/common.py", line 61, in get_dataset
    return _get_adult(root)
           ^^^^^^^^^^^^^^^^
  File "/home/pronoy/fedrsg-code/grounding/common.py", line 72, in _get_adult
    ds = fetch_openml("adult", version=2, as_frame=True, data_home=root)
         ^^^^^^^^^^^^^^^^^^^^^^^^^^^^^^^^^^^^^^^^^^^^^^^^^^^^^^^^^^^^^^^
  File "/home/pronoy/miniconda3/envs/fedenv/lib/python3.12/site-packages/sklearn/utils/_param_validation.py", line 218, in wrapper
    return func(*args, **kwargs)
           ^^^^^^^^^^^^^^^^^^^^^
  File "/home/pronoy/miniconda3/envs/fedenv/lib/python3.12/site-packages/sklearn/datasets/_openml.py", line 1016, in fetch_openml
    data_info = _get_data_info_by_name(
                ^^^^^^^^^^^^^^^^^^^^^^^
  File "/home/pronoy/miniconda3/envs/fedenv/lib/python3.12/site-packages/sklearn/datasets/_openml.py", line 334, in _get_data_info_by_name
    json_data = _get_json_content_from_openml_api(
                ^^^^^^^^^^^^^^^^^^^^^^^^^^^^^^^^^^
  File "/home/pronoy/miniconda3/envs/fedenv/lib/python3.12/site-packages/sklearn/datasets/_openml.py", line 256, in _get_json_content_from_openml_api
    raise error
  File "/home/pronoy/miniconda3/envs/fedenv/lib/python3.12/site-packages/sklearn/datasets/_openml.py", line 251, in _get_json_content_from_openml_api
    return _load_json()
           ^^^^^^^^^^^^
  File "/home/pronoy/miniconda3/envs/fedenv/lib/python3.12/site-packages/sklearn/datasets/_openml.py", line 66, in wrapper
    return f(*args, **kw)
           ^^^^^^^^^^^^^^
  File "/home/pronoy/miniconda3/envs/fedenv/lib/python3.12/site-packages/sklearn/datasets/_openml.py", line 246, in _load_json
    _open_openml_url(url, data_home, n_retries=n_retries, delay=delay)
  File "/home/pronoy/miniconda3/envs/fedenv/lib/python3.12/site-packages/sklearn/datasets/_openml.py", line 178, in _open_openml_url
    _retry_on_network_error(n_retries, delay, req.full_url)(urlopen)(
  File "/home/pronoy/miniconda3/envs/fedenv/lib/python3.12/site-packages/sklearn/datasets/_openml.py", line 102, in wrapper
    return f(*args, **kwargs)
           ^^^^^^^^^^^^^^^^^^
  File "/home/pronoy/miniconda3/envs/fedenv/lib/python3.12/urllib/request.py", line 215, in urlopen
    return opener.open(url, data, timeout)
           ^^^^^^^^^^^^^^^^^^^^^^^^^^^^^^^
  File "/home/pronoy/miniconda3/envs/fedenv/lib/python3.12/urllib/request.py", line 521, in open
    response = meth(req, response)
               ^^^^^^^^^^^^^^^^^^^
  File "/home/pronoy/miniconda3/envs/fedenv/lib/python3.12/urllib/request.py", line 630, in http_response
    response = self.parent.error(
               ^^^^^^^^^^^^^^^^^^
  File "/home/pronoy/miniconda3/envs/fedenv/lib/python3.12/urllib/request.py", line 559, in error
    return self._call_chain(*args)
           ^^^^^^^^^^^^^^^^^^^^^^^
  File "/home/pronoy/miniconda3/envs/fedenv/lib/python3.12/urllib/request.py", line 492, in _call_chain
    result = func(*args)
             ^^^^^^^^^^^
  File "/home/pronoy/miniconda3/envs/fedenv/lib/python3.12/urllib/request.py", line 639, in http_error_default
    raise HTTPError(req.full_url, code, msg, hdrs, fp)
urllib.error.HTTPError: HTTP Error 504: Gateway Time-out
[adult eps~0.5] device=cuda, loading data...
/home/pronoy/miniconda3/envs/fedenv/lib/python3.12/site-packages/sklearn/datasets/_openml.py:109: UserWarning: A network error occurred while downloading https://www.openml.org/api/v1/json/data/list/data_name/adult/limit/2/data_version/2. Retrying...
  warn(
Traceback (most recent call last):
  File "/home/pronoy/fedrsg-code/grounding/dp_accuracy.py", line 92, in <module>
    main()
  File "/home/pronoy/fedrsg-code/grounding/dp_accuracy.py", line 82, in main
    realized, acc = train_dp(args.dataset, te, args.epochs, args.batch,
                    ^^^^^^^^^^^^^^^^^^^^^^^^^^^^^^^^^^^^^^^^^^^^^^^^^^^
  File "/home/pronoy/fedrsg-code/grounding/dp_accuracy.py", line 39, in train_dp
    tr, te, meta = get_dataset(dataset, root)
                   ^^^^^^^^^^^^^^^^^^^^^^^^^^
  File "/home/pronoy/fedrsg-code/grounding/common.py", line 61, in get_dataset
    return _get_adult(root)
           ^^^^^^^^^^^^^^^^
  File "/home/pronoy/fedrsg-code/grounding/common.py", line 72, in _get_adult
    ds = fetch_openml("adult", version=2, as_frame=True, data_home=root)
         ^^^^^^^^^^^^^^^^^^^^^^^^^^^^^^^^^^^^^^^^^^^^^^^^^^^^^^^^^^^^^^^
  File "/home/pronoy/miniconda3/envs/fedenv/lib/python3.12/site-packages/sklearn/utils/_param_validation.py", line 218, in wrapper
    return func(*args, **kwargs)
           ^^^^^^^^^^^^^^^^^^^^^
  File "/home/pronoy/miniconda3/envs/fedenv/lib/python3.12/site-packages/sklearn/datasets/_openml.py", line 1016, in fetch_openml
    data_info = _get_data_info_by_name(
                ^^^^^^^^^^^^^^^^^^^^^^^
  File "/home/pronoy/miniconda3/envs/fedenv/lib/python3.12/site-packages/sklearn/datasets/_openml.py", line 334, in _get_data_info_by_name
    json_data = _get_json_content_from_openml_api(
                ^^^^^^^^^^^^^^^^^^^^^^^^^^^^^^^^^^
  File "/home/pronoy/miniconda3/envs/fedenv/lib/python3.12/site-packages/sklearn/datasets/_openml.py", line 256, in _get_json_content_from_openml_api
    raise error
  File "/home/pronoy/miniconda3/envs/fedenv/lib/python3.12/site-packages/sklearn/datasets/_openml.py", line 251, in _get_json_content_from_openml_api
    return _load_json()
           ^^^^^^^^^^^^
  File "/home/pronoy/miniconda3/envs/fedenv/lib/python3.12/site-packages/sklearn/datasets/_openml.py", line 66, in wrapper
    return f(*args, **kw)
           ^^^^^^^^^^^^^^
  File "/home/pronoy/miniconda3/envs/fedenv/lib/python3.12/site-packages/sklearn/datasets/_openml.py", line 246, in _load_json
    _open_openml_url(url, data_home, n_retries=n_retries, delay=delay)
  File "/home/pronoy/miniconda3/envs/fedenv/lib/python3.12/site-packages/sklearn/datasets/_openml.py", line 178, in _open_openml_url
    _retry_on_network_error(n_retries, delay, req.full_url)(urlopen)(
  File "/home/pronoy/miniconda3/envs/fedenv/lib/python3.12/site-packages/sklearn/datasets/_openml.py", line 102, in wrapper
    return f(*args, **kwargs)
           ^^^^^^^^^^^^^^^^^^
  File "/home/pronoy/miniconda3/envs/fedenv/lib/python3.12/urllib/request.py", line 215, in urlopen
    return opener.open(url, data, timeout)
           ^^^^^^^^^^^^^^^^^^^^^^^^^^^^^^^
  File "/home/pronoy/miniconda3/envs/fedenv/lib/python3.12/urllib/request.py", line 521, in open
    response = meth(req, response)
               ^^^^^^^^^^^^^^^^^^^
  File "/home/pronoy/miniconda3/envs/fedenv/lib/python3.12/urllib/request.py", line 630, in http_response
    response = self.parent.error(
               ^^^^^^^^^^^^^^^^^^
  File "/home/pronoy/miniconda3/envs/fedenv/lib/python3.12/urllib/request.py", line 559, in error
    return self._call_chain(*args)
           ^^^^^^^^^^^^^^^^^^^^^^^
  File "/home/pronoy/miniconda3/envs/fedenv/lib/python3.12/urllib/request.py", line 492, in _call_chain
    result = func(*args)
             ^^^^^^^^^^^
  File "/home/pronoy/miniconda3/envs/fedenv/lib/python3.12/urllib/request.py", line 639, in http_error_default
    raise HTTPError(req.full_url, code, msg, hdrs, fp)
urllib.error.HTTPError: HTTP Error 504: Gateway Time-out
[adult eps~1.0] device=cuda, loading data...
/home/pronoy/miniconda3/envs/fedenv/lib/python3.12/site-packages/sklearn/datasets/_openml.py:109: UserWarning: A network error occurred while downloading https://www.openml.org/api/v1/json/data/list/data_name/adult/limit/2/data_version/2. Retrying...
  warn(
[adult] OpenML fetch failed (attempt 1/3): HTTP Error 504: Gateway Time-out
[adult] OpenML fetch failed (attempt 2/3): HTTP Error 504: Gateway Time-out
[adult] OpenML fetch failed (attempt 3/3): HTTP Error 504: Gateway Time-out
[adult] OpenML unreachable -> falling back to offline sklearn digits (tabular 64-d, 10 cls). Report as 'Digits' if used.
/home/pronoy/miniconda3/envs/fedenv/lib/python3.12/site-packages/opacus/privacy_engine.py:98: UserWarning: Secure RNG turned off. This is perfectly fine for experimentation as it allows for much faster training performance, but remember to turn it on and retrain one last time before production with ``secure_mode`` turned on.
  warnings.warn(
/home/pronoy/miniconda3/envs/fedenv/lib/python3.12/site-packages/opacus/accountants/analysis/rdp.py:332: UserWarning: Optimal order is the largest alpha. Please consider expanding the range of alphas to get a tighter privacy bound.
  warnings.warn(
sys:1: UserWarning: Full backward hook is firing when gradients are computed with respect to module outputs since no inputs require gradients. See https://docs.pytorch.org/docs/main/generated/torch.nn.Module.html#torch.nn.Module.register_full_backward_hook for more details.
  [adult eps~1.0] epoch 1/4  eps_so_far=0.50
  [adult eps~1.0] epoch 2/4  eps_so_far=0.70
  [adult eps~1.0] epoch 3/4  eps_so_far=0.86
  [adult eps~1.0] epoch 4/4  eps_so_far=0.99
[adult] target_eps=1.0  realized_eps=0.994  test_acc=0.1000
[adult eps~8.0] device=cuda, loading data...
/home/pronoy/miniconda3/envs/fedenv/lib/python3.12/site-packages/sklearn/datasets/_openml.py:109: UserWarning: A network error occurred while downloading https://www.openml.org/api/v1/json/data/list/data_name/adult/limit/2/data_version/2. Retrying...
  warn(
[adult] OpenML fetch failed (attempt 1/3): HTTP Error 504: Gateway Time-out
[adult] OpenML fetch failed (attempt 2/3): HTTP Error 504: Gateway Time-out
[adult] OpenML fetch failed (attempt 3/3): HTTP Error 504: Gateway Time-out
[adult] OpenML unreachable -> falling back to offline sklearn digits (tabular 64-d, 10 cls). Report as 'Digits' if used.
/home/pronoy/miniconda3/envs/fedenv/lib/python3.12/site-packages/opacus/privacy_engine.py:98: UserWarning: Secure RNG turned off. This is perfectly fine for experimentation as it allows for much faster training performance, but remember to turn it on and retrain one last time before production with ``secure_mode`` turned on.
  warnings.warn(
/home/pronoy/miniconda3/envs/fedenv/lib/python3.12/site-packages/opacus/accountants/analysis/rdp.py:332: UserWarning: Optimal order is the largest alpha. Please consider expanding the range of alphas to get a tighter privacy bound.
  warnings.warn(
sys:1: UserWarning: Full backward hook is firing when gradients are computed with respect to module outputs since no inputs require gradients. See https://docs.pytorch.org/docs/main/generated/torch.nn.Module.html#torch.nn.Module.register_full_backward_hook for more details.
  [adult eps~8.0] epoch 1/4  eps_so_far=4.18
  [adult eps~8.0] epoch 2/4  eps_so_far=5.73
  [adult eps~8.0] epoch 3/4  eps_so_far=6.95
  [adult eps~8.0] epoch 4/4  eps_so_far=8.00
[adult] target_eps=8.0  realized_eps=7.999  test_acc=0.2222
wrote results/dp_adult.csv
[adult eps~1.0] device=cuda, loading data...
/home/pronoy/miniconda3/envs/fedenv/lib/python3.12/site-packages/sklearn/datasets/_openml.py:109: UserWarning: A network error occurred while downloading https://www.openml.org/api/v1/json/data/list/data_name/adult/limit/2/data_version/2. Retrying...
  warn(
[adult] OpenML fetch failed (attempt 1/3): HTTP Error 504: Gateway Time-out
[adult] OpenML fetch failed (attempt 2/3): HTTP Error 504: Gateway Time-out
[adult] OpenML fetch failed (attempt 3/3): HTTP Error 504: Gateway Time-out
[adult] OpenML unreachable -> falling back to offline sklearn digits (tabular 64-d, 10 cls). Report as 'Digits' if used.
/home/pronoy/miniconda3/envs/fedenv/lib/python3.12/site-packages/opacus/privacy_engine.py:98: UserWarning: Secure RNG turned off. This is perfectly fine for experimentation as it allows for much faster training performance, but remember to turn it on and retrain one last time before production with ``secure_mode`` turned on.
  warnings.warn(
/home/pronoy/miniconda3/envs/fedenv/lib/python3.12/site-packages/opacus/accountants/analysis/rdp.py:332: UserWarning: Optimal order is the largest alpha. Please consider expanding the range of alphas to get a tighter privacy bound.
  warnings.warn(
sys:1: UserWarning: Full backward hook is firing when gradients are computed with respect to module outputs since no inputs require gradients. See https://docs.pytorch.org/docs/main/generated/torch.nn.Module.html#torch.nn.Module.register_full_backward_hook for more details.
  [adult eps~1.0] epoch 1/4  eps_so_far=0.50
  [adult eps~1.0] epoch 2/4  eps_so_far=0.70
  [adult eps~1.0] epoch 3/4  eps_so_far=0.86
  [adult eps~1.0] epoch 4/4  eps_so_far=0.99
[adult] target_eps=1.0  realized_eps=0.994  test_acc=0.1583
[adult eps~8.0] device=cuda, loading data...
/home/pronoy/miniconda3/envs/fedenv/lib/python3.12/site-packages/sklearn/datasets/_openml.py:109: UserWarning: A network error occurred while downloading https://www.openml.org/api/v1/json/data/list/data_name/adult/limit/2/data_version/2. Retrying...
  warn(
[adult] OpenML fetch failed (attempt 1/3): HTTP Error 504: Gateway Time-out
[adult] OpenML fetch failed (attempt 2/3): HTTP Error 504: Gateway Time-out
[adult] OpenML fetch failed (attempt 3/3): HTTP Error 504: Gateway Time-out
[adult] OpenML unreachable -> falling back to offline sklearn digits (tabular 64-d, 10 cls). Report as 'Digits' if used.
/home/pronoy/miniconda3/envs/fedenv/lib/python3.12/site-packages/opacus/privacy_engine.py:98: UserWarning: Secure RNG turned off. This is perfectly fine for experimentation as it allows for much faster training performance, but remember to turn it on and retrain one last time before production with ``secure_mode`` turned on.
  warnings.warn(
/home/pronoy/miniconda3/envs/fedenv/lib/python3.12/site-packages/opacus/accountants/analysis/rdp.py:332: UserWarning: Optimal order is the largest alpha. Please consider expanding the range of alphas to get a tighter privacy bound.
  warnings.warn(
sys:1: UserWarning: Full backward hook is firing when gradients are computed with respect to module outputs since no inputs require gradients. See https://docs.pytorch.org/docs/main/generated/torch.nn.Module.html#torch.nn.Module.register_full_backward_hook for more details.
  [adult eps~8.0] epoch 1/4  eps_so_far=4.18
  [adult eps~8.0] epoch 2/4  eps_so_far=5.73
  [adult eps~8.0] epoch 3/4  eps_so_far=6.95
  [adult eps~8.0] epoch 4/4  eps_so_far=8.00
[adult] target_eps=8.0  realized_eps=7.999  test_acc=0.2056
wrote results/dp_adult.csv
[adult eps~0.1] device=cuda, loading data...
/home/pronoy/miniconda3/envs/fedenv/lib/python3.12/site-packages/sklearn/datasets/_openml.py:109: UserWarning: A network error occurred while downloading https://www.openml.org/api/v1/json/data/list/data_name/adult/limit/2/data_version/2. Retrying...
  warn(
[adult] OpenML fetch failed (attempt 1/3): HTTP Error 504: Gateway Time-out
[adult] OpenML fetch failed (attempt 2/3): HTTP Error 504: Gateway Time-out
[adult] OpenML fetch failed (attempt 3/3): HTTP Error 504: Gateway Time-out
[adult] OpenML unreachable -> falling back to offline sklearn digits (tabular 64-d, 10 cls). Report as 'Digits' if used.
/home/pronoy/miniconda3/envs/fedenv/lib/python3.12/site-packages/opacus/privacy_engine.py:98: UserWarning: Secure RNG turned off. This is perfectly fine for experimentation as it allows for much faster training performance, but remember to turn it on and retrain one last time before production with ``secure_mode`` turned on.
  warnings.warn(
/home/pronoy/miniconda3/envs/fedenv/lib/python3.12/site-packages/opacus/accountants/analysis/rdp.py:332: UserWarning: Optimal order is the largest alpha. Please consider expanding the range of alphas to get a tighter privacy bound.
  warnings.warn(
sys:1: UserWarning: Full backward hook is firing when gradients are computed with respect to module outputs since no inputs require gradients. See https://docs.pytorch.org/docs/main/generated/torch.nn.Module.html#torch.nn.Module.register_full_backward_hook for more details.
  [adult eps~0.1] epoch 1/20  eps_so_far=0.03
  [adult eps~0.1] epoch 2/20  eps_so_far=0.03
  [adult eps~0.1] epoch 3/20  eps_so_far=0.04
  [adult eps~0.1] epoch 4/20  eps_so_far=0.05
  [adult eps~0.1] epoch 5/20  eps_so_far=0.05
  [adult eps~0.1] epoch 6/20  eps_so_far=0.06
  [adult eps~0.1] epoch 7/20  eps_so_far=0.06
  [adult eps~0.1] epoch 8/20  eps_so_far=0.06
  [adult eps~0.1] epoch 9/20  eps_so_far=0.07
  [adult eps~0.1] epoch 10/20  eps_so_far=0.07
  [adult eps~0.1] epoch 11/20  eps_so_far=0.07
  [adult eps~0.1] epoch 12/20  eps_so_far=0.08
  [adult eps~0.1] epoch 13/20  eps_so_far=0.08
  [adult eps~0.1] epoch 14/20  eps_so_far=0.08
  [adult eps~0.1] epoch 15/20  eps_so_far=0.08
  [adult eps~0.1] epoch 16/20  eps_so_far=0.09
  [adult eps~0.1] epoch 17/20  eps_so_far=0.09
  [adult eps~0.1] epoch 18/20  eps_so_far=0.09
  [adult eps~0.1] epoch 19/20  eps_so_far=0.10
  [adult eps~0.1] epoch 20/20  eps_so_far=0.10
[adult] target_eps=0.1  realized_eps=0.098  test_acc=0.2056
[adult eps~0.25] device=cuda, loading data...
/home/pronoy/miniconda3/envs/fedenv/lib/python3.12/site-packages/sklearn/datasets/_openml.py:109: UserWarning: A network error occurred while downloading https://www.openml.org/api/v1/json/data/list/data_name/adult/limit/2/data_version/2. Retrying...
  warn(
[adult] OpenML fetch failed (attempt 1/3): HTTP Error 504: Gateway Time-out
[adult] OpenML fetch failed (attempt 2/3): HTTP Error 504: Gateway Time-out
[adult] OpenML fetch failed (attempt 3/3): HTTP Error 504: Gateway Time-out
[adult] OpenML unreachable -> falling back to offline sklearn digits (tabular 64-d, 10 cls). Report as 'Digits' if used.
/home/pronoy/miniconda3/envs/fedenv/lib/python3.12/site-packages/opacus/privacy_engine.py:98: UserWarning: Secure RNG turned off. This is perfectly fine for experimentation as it allows for much faster training performance, but remember to turn it on and retrain one last time before production with ``secure_mode`` turned on.
  warnings.warn(
/home/pronoy/miniconda3/envs/fedenv/lib/python3.12/site-packages/opacus/accountants/analysis/rdp.py:332: UserWarning: Optimal order is the largest alpha. Please consider expanding the range of alphas to get a tighter privacy bound.
  warnings.warn(
sys:1: UserWarning: Full backward hook is firing when gradients are computed with respect to module outputs since no inputs require gradients. See https://docs.pytorch.org/docs/main/generated/torch.nn.Module.html#torch.nn.Module.register_full_backward_hook for more details.
  [adult eps~0.25] epoch 1/20  eps_so_far=0.06
  [adult eps~0.25] epoch 2/20  eps_so_far=0.08
  [adult eps~0.25] epoch 3/20  eps_so_far=0.09
  [adult eps~0.25] epoch 4/20  eps_so_far=0.11
  [adult eps~0.25] epoch 5/20  eps_so_far=0.12
  [adult eps~0.25] epoch 6/20  eps_so_far=0.13
  [adult eps~0.25] epoch 7/20  eps_so_far=0.14
  [adult eps~0.25] epoch 8/20  eps_so_far=0.15
  [adult eps~0.25] epoch 9/20  eps_so_far=0.16
  [adult eps~0.25] epoch 10/20  eps_so_far=0.17
  [adult eps~0.25] epoch 11/20  eps_so_far=0.18
  [adult eps~0.25] epoch 12/20  eps_so_far=0.19
  [adult eps~0.25] epoch 13/20  eps_so_far=0.19
  [adult eps~0.25] epoch 14/20  eps_so_far=0.20
  [adult eps~0.25] epoch 15/20  eps_so_far=0.21
  [adult eps~0.25] epoch 16/20  eps_so_far=0.22
  [adult eps~0.25] epoch 17/20  eps_so_far=0.22
  [adult eps~0.25] epoch 18/20  eps_so_far=0.23
  [adult eps~0.25] epoch 19/20  eps_so_far=0.24
  [adult eps~0.25] epoch 20/20  eps_so_far=0.24
[adult] target_eps=0.25  realized_eps=0.243  test_acc=0.4139
[adult eps~0.5] device=cuda, loading data...
/home/pronoy/miniconda3/envs/fedenv/lib/python3.12/site-packages/sklearn/datasets/_openml.py:109: UserWarning: A network error occurred while downloading https://www.openml.org/api/v1/json/data/list/data_name/adult/limit/2/data_version/2. Retrying...
  warn(
[adult] OpenML fetch failed (attempt 1/3): HTTP Error 504: Gateway Time-out
[adult] OpenML fetch failed (attempt 2/3): HTTP Error 504: Gateway Time-out
[adult] OpenML fetch failed (attempt 3/3): HTTP Error 504: Gateway Time-out
[adult] OpenML unreachable -> falling back to offline sklearn digits (tabular 64-d, 10 cls). Report as 'Digits' if used.
/home/pronoy/miniconda3/envs/fedenv/lib/python3.12/site-packages/opacus/privacy_engine.py:98: UserWarning: Secure RNG turned off. This is perfectly fine for experimentation as it allows for much faster training performance, but remember to turn it on and retrain one last time before production with ``secure_mode`` turned on.
  warnings.warn(
/home/pronoy/miniconda3/envs/fedenv/lib/python3.12/site-packages/opacus/accountants/analysis/rdp.py:332: UserWarning: Optimal order is the largest alpha. Please consider expanding the range of alphas to get a tighter privacy bound.
  warnings.warn(
sys:1: UserWarning: Full backward hook is firing when gradients are computed with respect to module outputs since no inputs require gradients. See https://docs.pytorch.org/docs/main/generated/torch.nn.Module.html#torch.nn.Module.register_full_backward_hook for more details.
  [adult eps~0.5] epoch 1/20  eps_so_far=0.11
  [adult eps~0.5] epoch 2/20  eps_so_far=0.15
  [adult eps~0.5] epoch 3/20  eps_so_far=0.18
  [adult eps~0.5] epoch 4/20  eps_so_far=0.21
  [adult eps~0.5] epoch 5/20  eps_so_far=0.24
  [adult eps~0.5] epoch 6/20  eps_so_far=0.26
  [adult eps~0.5] epoch 7/20  eps_so_far=0.28
  [adult eps~0.5] epoch 8/20  eps_so_far=0.30
  [adult eps~0.5] epoch 9/20  eps_so_far=0.32
  [adult eps~0.5] epoch 10/20  eps_so_far=0.34
  [adult eps~0.5] epoch 11/20  eps_so_far=0.36
  [adult eps~0.5] epoch 12/20  eps_so_far=0.38
  [adult eps~0.5] epoch 13/20  eps_so_far=0.39
  [adult eps~0.5] epoch 14/20  eps_so_far=0.41
  [adult eps~0.5] epoch 15/20  eps_so_far=0.42
  [adult eps~0.5] epoch 16/20  eps_so_far=0.44
  [adult eps~0.5] epoch 17/20  eps_so_far=0.45
  [adult eps~0.5] epoch 18/20  eps_so_far=0.47
  [adult eps~0.5] epoch 19/20  eps_so_far=0.48
  [adult eps~0.5] epoch 20/20  eps_so_far=0.49
[adult] target_eps=0.5  realized_eps=0.492  test_acc=0.3972
[adult eps~1.0] device=cuda, loading data...
/home/pronoy/miniconda3/envs/fedenv/lib/python3.12/site-packages/sklearn/datasets/_openml.py:109: UserWarning: A network error occurred while downloading https://www.openml.org/api/v1/json/data/list/data_name/adult/limit/2/data_version/2. Retrying...
  warn(
[adult] OpenML fetch failed (attempt 1/3): HTTP Error 504: Gateway Time-out
[adult] OpenML fetch failed (attempt 2/3): HTTP Error 504: Gateway Time-out
[adult] OpenML fetch failed (attempt 3/3): HTTP Error 504: Gateway Time-out
[adult] OpenML unreachable -> falling back to offline sklearn digits (tabular 64-d, 10 cls). Report as 'Digits' if used.
/home/pronoy/miniconda3/envs/fedenv/lib/python3.12/site-packages/opacus/privacy_engine.py:98: UserWarning: Secure RNG turned off. This is perfectly fine for experimentation as it allows for much faster training performance, but remember to turn it on and retrain one last time before production with ``secure_mode`` turned on.
  warnings.warn(
/home/pronoy/miniconda3/envs/fedenv/lib/python3.12/site-packages/opacus/accountants/analysis/rdp.py:332: UserWarning: Optimal order is the largest alpha. Please consider expanding the range of alphas to get a tighter privacy bound.
  warnings.warn(
sys:1: UserWarning: Full backward hook is firing when gradients are computed with respect to module outputs since no inputs require gradients. See https://docs.pytorch.org/docs/main/generated/torch.nn.Module.html#torch.nn.Module.register_full_backward_hook for more details.
  [adult eps~1.0] epoch 1/20  eps_so_far=0.21
  [adult eps~1.0] epoch 2/20  eps_so_far=0.30
  [adult eps~1.0] epoch 3/20  eps_so_far=0.37
  [adult eps~1.0] epoch 4/20  eps_so_far=0.42
  [adult eps~1.0] epoch 5/20  eps_so_far=0.48
  [adult eps~1.0] epoch 6/20  eps_so_far=0.52
  [adult eps~1.0] epoch 7/20  eps_so_far=0.57
  [adult eps~1.0] epoch 8/20  eps_so_far=0.61
  [adult eps~1.0] epoch 9/20  eps_so_far=0.65
  [adult eps~1.0] epoch 10/20  eps_so_far=0.69
  [adult eps~1.0] epoch 11/20  eps_so_far=0.72
  [adult eps~1.0] epoch 12/20  eps_so_far=0.76
  [adult eps~1.0] epoch 13/20  eps_so_far=0.79
  [adult eps~1.0] epoch 14/20  eps_so_far=0.82
  [adult eps~1.0] epoch 15/20  eps_so_far=0.85
  [adult eps~1.0] epoch 16/20  eps_so_far=0.88
  [adult eps~1.0] epoch 17/20  eps_so_far=0.91
  [adult eps~1.0] epoch 18/20  eps_so_far=0.94
  [adult eps~1.0] epoch 19/20  eps_so_far=0.97
  [adult eps~1.0] epoch 20/20  eps_so_far=0.99
[adult] target_eps=1.0  realized_eps=0.995  test_acc=0.5083
[adult eps~2.0] device=cuda, loading data...
/home/pronoy/miniconda3/envs/fedenv/lib/python3.12/site-packages/sklearn/datasets/_openml.py:109: UserWarning: A network error occurred while downloading https://www.openml.org/api/v1/json/data/list/data_name/adult/limit/2/data_version/2. Retrying...
  warn(
[adult] OpenML fetch failed (attempt 1/3): HTTP Error 504: Gateway Time-out
[adult] OpenML fetch failed (attempt 2/3): HTTP Error 504: Gateway Time-out
[adult] OpenML fetch failed (attempt 3/3): HTTP Error 504: Gateway Time-out
[adult] OpenML unreachable -> falling back to offline sklearn digits (tabular 64-d, 10 cls). Report as 'Digits' if used.
/home/pronoy/miniconda3/envs/fedenv/lib/python3.12/site-packages/opacus/privacy_engine.py:98: UserWarning: Secure RNG turned off. This is perfectly fine for experimentation as it allows for much faster training performance, but remember to turn it on and retrain one last time before production with ``secure_mode`` turned on.
  warnings.warn(
/home/pronoy/miniconda3/envs/fedenv/lib/python3.12/site-packages/opacus/accountants/analysis/rdp.py:332: UserWarning: Optimal order is the largest alpha. Please consider expanding the range of alphas to get a tighter privacy bound.
  warnings.warn(
sys:1: UserWarning: Full backward hook is firing when gradients are computed with respect to module outputs since no inputs require gradients. See https://docs.pytorch.org/docs/main/generated/torch.nn.Module.html#torch.nn.Module.register_full_backward_hook for more details.
  [adult eps~2.0] epoch 1/20  eps_so_far=0.42
  [adult eps~2.0] epoch 2/20  eps_so_far=0.59
  [adult eps~2.0] epoch 3/20  eps_so_far=0.73
  [adult eps~2.0] epoch 4/20  eps_so_far=0.85
  [adult eps~2.0] epoch 5/20  eps_so_far=0.95
  [adult eps~2.0] epoch 6/20  eps_so_far=1.05
  [adult eps~2.0] epoch 7/20  eps_so_far=1.14
  [adult eps~2.0] epoch 8/20  eps_so_far=1.22
  [adult eps~2.0] epoch 9/20  eps_so_far=1.30
  [adult eps~2.0] epoch 10/20  eps_so_far=1.37
  [adult eps~2.0] epoch 11/20  eps_so_far=1.44
  [adult eps~2.0] epoch 12/20  eps_so_far=1.51
  [adult eps~2.0] epoch 13/20  eps_so_far=1.58
  [adult eps~2.0] epoch 14/20  eps_so_far=1.64
  [adult eps~2.0] epoch 15/20  eps_so_far=1.71
  [adult eps~2.0] epoch 16/20  eps_so_far=1.77
  [adult eps~2.0] epoch 17/20  eps_so_far=1.83
  [adult eps~2.0] epoch 18/20  eps_so_far=1.88
  [adult eps~2.0] epoch 19/20  eps_so_far=1.94
  [adult eps~2.0] epoch 20/20  eps_so_far=1.99
[adult] target_eps=2.0  realized_eps=1.994  test_acc=0.4833
[adult eps~4.0] device=cuda, loading data...
/home/pronoy/miniconda3/envs/fedenv/lib/python3.12/site-packages/sklearn/datasets/_openml.py:109: UserWarning: A network error occurred while downloading https://www.openml.org/api/v1/json/data/list/data_name/adult/limit/2/data_version/2. Retrying...
  warn(
[adult] OpenML fetch failed (attempt 1/3): HTTP Error 504: Gateway Time-out
[adult] OpenML fetch failed (attempt 2/3): HTTP Error 504: Gateway Time-out
[adult] OpenML fetch failed (attempt 3/3): HTTP Error 504: Gateway Time-out
[adult] OpenML unreachable -> falling back to offline sklearn digits (tabular 64-d, 10 cls). Report as 'Digits' if used.
/home/pronoy/miniconda3/envs/fedenv/lib/python3.12/site-packages/opacus/privacy_engine.py:98: UserWarning: Secure RNG turned off. This is perfectly fine for experimentation as it allows for much faster training performance, but remember to turn it on and retrain one last time before production with ``secure_mode`` turned on.
  warnings.warn(
/home/pronoy/miniconda3/envs/fedenv/lib/python3.12/site-packages/opacus/accountants/analysis/rdp.py:332: UserWarning: Optimal order is the largest alpha. Please consider expanding the range of alphas to get a tighter privacy bound.
  warnings.warn(
sys:1: UserWarning: Full backward hook is firing when gradients are computed with respect to module outputs since no inputs require gradients. See https://docs.pytorch.org/docs/main/generated/torch.nn.Module.html#torch.nn.Module.register_full_backward_hook for more details.
  [adult eps~4.0] epoch 1/20  eps_so_far=0.86
  [adult eps~4.0] epoch 2/20  eps_so_far=1.20
  [adult eps~4.0] epoch 3/20  eps_so_far=1.47
  [adult eps~4.0] epoch 4/20  eps_so_far=1.70
  [adult eps~4.0] epoch 5/20  eps_so_far=1.90
  [adult eps~4.0] epoch 6/20  eps_so_far=2.09
  [adult eps~4.0] epoch 7/20  eps_so_far=2.27
  [adult eps~4.0] epoch 8/20  eps_so_far=2.43
  [adult eps~4.0] epoch 9/20  eps_so_far=2.59
  [adult eps~4.0] epoch 10/20  eps_so_far=2.74
  [adult eps~4.0] epoch 11/20  eps_so_far=2.88
  [adult eps~4.0] epoch 12/20  eps_so_far=3.02
  [adult eps~4.0] epoch 13/20  eps_so_far=3.15
  [adult eps~4.0] epoch 14/20  eps_so_far=3.28
  [adult eps~4.0] epoch 15/20  eps_so_far=3.41
  [adult eps~4.0] epoch 16/20  eps_so_far=3.53
  [adult eps~4.0] epoch 17/20  eps_so_far=3.65
  [adult eps~4.0] epoch 18/20  eps_so_far=3.77
  [adult eps~4.0] epoch 19/20  eps_so_far=3.88
  [adult eps~4.0] epoch 20/20  eps_so_far=3.99
[adult] target_eps=4.0  realized_eps=3.991  test_acc=0.5472
[adult eps~8.0] device=cuda, loading data...
/home/pronoy/miniconda3/envs/fedenv/lib/python3.12/site-packages/sklearn/datasets/_openml.py:109: UserWarning: A network error occurred while downloading https://www.openml.org/api/v1/json/data/list/data_name/adult/limit/2/data_version/2. Retrying...
  warn(
[adult] OpenML fetch failed (attempt 1/3): HTTP Error 504: Gateway Time-out
[adult] OpenML fetch failed (attempt 2/3): HTTP Error 504: Gateway Time-out
[adult] OpenML fetch failed (attempt 3/3): HTTP Error 504: Gateway Time-out
[adult] OpenML unreachable -> falling back to offline sklearn digits (tabular 64-d, 10 cls). Report as 'Digits' if used.
/home/pronoy/miniconda3/envs/fedenv/lib/python3.12/site-packages/opacus/privacy_engine.py:98: UserWarning: Secure RNG turned off. This is perfectly fine for experimentation as it allows for much faster training performance, but remember to turn it on and retrain one last time before production with ``secure_mode`` turned on.
  warnings.warn(
/home/pronoy/miniconda3/envs/fedenv/lib/python3.12/site-packages/opacus/accountants/analysis/rdp.py:332: UserWarning: Optimal order is the largest alpha. Please consider expanding the range of alphas to get a tighter privacy bound.
  warnings.warn(
sys:1: UserWarning: Full backward hook is firing when gradients are computed with respect to module outputs since no inputs require gradients. See https://docs.pytorch.org/docs/main/generated/torch.nn.Module.html#torch.nn.Module.register_full_backward_hook for more details.
  [adult eps~8.0] epoch 1/20  eps_so_far=1.76
  [adult eps~8.0] epoch 2/20  eps_so_far=2.42
  [adult eps~8.0] epoch 3/20  eps_so_far=2.95
  [adult eps~8.0] epoch 4/20  eps_so_far=3.40
  [adult eps~8.0] epoch 5/20  eps_so_far=3.80
  [adult eps~8.0] epoch 6/20  eps_so_far=4.17
  [adult eps~8.0] epoch 7/20  eps_so_far=4.52
  [adult eps~8.0] epoch 8/20  eps_so_far=4.85
  [adult eps~8.0] epoch 9/20  eps_so_far=5.16
  [adult eps~8.0] epoch 10/20  eps_so_far=5.46
  [adult eps~8.0] epoch 11/20  eps_so_far=5.74
  [adult eps~8.0] epoch 12/20  eps_so_far=6.02
  [adult eps~8.0] epoch 13/20  eps_so_far=6.29
  [adult eps~8.0] epoch 14/20  eps_so_far=6.55
  [adult eps~8.0] epoch 15/20  eps_so_far=6.80
  [adult eps~8.0] epoch 16/20  eps_so_far=7.05
  [adult eps~8.0] epoch 17/20  eps_so_far=7.29
  [adult eps~8.0] epoch 18/20  eps_so_far=7.53
  [adult eps~8.0] epoch 19/20  eps_so_far=7.76
  [adult eps~8.0] epoch 20/20  eps_so_far=7.99
[adult] target_eps=8.0  realized_eps=7.990  test_acc=0.5639
[adult eps~16.0] device=cuda, loading data...
/home/pronoy/miniconda3/envs/fedenv/lib/python3.12/site-packages/sklearn/datasets/_openml.py:109: UserWarning: A network error occurred while downloading https://www.openml.org/api/v1/json/data/list/data_name/adult/limit/2/data_version/2. Retrying...
  warn(
[adult] OpenML fetch failed (attempt 1/3): HTTP Error 504: Gateway Time-out
[adult] OpenML fetch failed (attempt 2/3): HTTP Error 504: Gateway Time-out
[adult] OpenML fetch failed (attempt 3/3): HTTP Error 504: Gateway Time-out
[adult] OpenML unreachable -> falling back to offline sklearn digits (tabular 64-d, 10 cls). Report as 'Digits' if used.
/home/pronoy/miniconda3/envs/fedenv/lib/python3.12/site-packages/opacus/privacy_engine.py:98: UserWarning: Secure RNG turned off. This is perfectly fine for experimentation as it allows for much faster training performance, but remember to turn it on and retrain one last time before production with ``secure_mode`` turned on.
  warnings.warn(
/home/pronoy/miniconda3/envs/fedenv/lib/python3.12/site-packages/opacus/accountants/analysis/rdp.py:332: UserWarning: Optimal order is the largest alpha. Please consider expanding the range of alphas to get a tighter privacy bound.
  warnings.warn(
sys:1: UserWarning: Full backward hook is firing when gradients are computed with respect to module outputs since no inputs require gradients. See https://docs.pytorch.org/docs/main/generated/torch.nn.Module.html#torch.nn.Module.register_full_backward_hook for more details.
  [adult eps~16.0] epoch 1/20  eps_so_far=3.52
  [adult eps~16.0] epoch 2/20  eps_so_far=4.82
  [adult eps~16.0] epoch 3/20  eps_so_far=5.84
  [adult eps~16.0] epoch 4/20  eps_so_far=6.72
  [adult eps~16.0] epoch 5/20  eps_so_far=7.52
  [adult eps~16.0] epoch 6/20  eps_so_far=8.26
  [adult eps~16.0] epoch 7/20  eps_so_far=8.95
  [adult eps~16.0] epoch 8/20  eps_so_far=9.60
  [adult eps~16.0] epoch 9/20  eps_so_far=10.22
  [adult eps~16.0] epoch 10/20  eps_so_far=10.82
  [adult eps~16.0] epoch 11/20  eps_so_far=11.40
  [adult eps~16.0] epoch 12/20  eps_so_far=11.96
  [adult eps~16.0] epoch 13/20  eps_so_far=12.51
  [adult eps~16.0] epoch 14/20  eps_so_far=13.04
  [adult eps~16.0] epoch 15/20  eps_so_far=13.55
  [adult eps~16.0] epoch 16/20  eps_so_far=14.06
  [adult eps~16.0] epoch 17/20  eps_so_far=14.56
  [adult eps~16.0] epoch 18/20  eps_so_far=15.04
  [adult eps~16.0] epoch 19/20  eps_so_far=15.52
  [adult eps~16.0] epoch 20/20  eps_so_far=15.99
[adult] target_eps=16.0  realized_eps=15.991  test_acc=0.4694
wrote results/dp_adult.csv
