/home/pronoy/miniconda3/envs/fedenv/lib/python3.12/site-packages/opacus/privacy_engine.py:98: UserWarning: Secure RNG turned off. This is perfectly fine for experimentation as it allows for much faster training performance, but remember to turn it on and retrain one last time before production with ``secure_mode`` turned on.
  warnings.warn(
/home/pronoy/miniconda3/envs/fedenv/lib/python3.12/site-packages/opacus/accountants/analysis/rdp.py:332: UserWarning: Optimal order is the largest alpha. Please consider expanding the range of alphas to get a tighter privacy bound.
  warnings.warn(
sys:1: UserWarning: Full backward hook is firing when gradients are computed with respect to module outputs since no inputs require gradients. See https://docs.pytorch.org/docs/main/generated/torch.nn.Module.html#torch.nn.Module.register_full_backward_hook for more details.
  [femnist eps~1.0] epoch 1/1
[femnist] target_eps=1.0  realized_eps=0.991  test_acc=0.5093
  [femnist eps~4.0] epoch 1/1
[femnist] target_eps=4.0  realized_eps=3.991  test_acc=0.6481
wrote results/dp_femnist.csv
[femnist eps~0.5] device=cuda, loading data...
/home/pronoy/miniconda3/envs/fedenv/lib/python3.12/site-packages/opacus/privacy_engine.py:98: UserWarning: Secure RNG turned off. This is perfectly fine for experimentation as it allows for much faster training performance, but remember to turn it on and retrain one last time before production with ``secure_mode`` turned on.
  warnings.warn(
/home/pronoy/miniconda3/envs/fedenv/lib/python3.12/site-packages/opacus/accountants/analysis/rdp.py:332: UserWarning: Optimal order is the largest alpha. Please consider expanding the range of alphas to get a tighter privacy bound.
  warnings.warn(
sys:1: UserWarning: Full backward hook is firing when gradients are computed with respect to module outputs since no inputs require gradients. See https://docs.pytorch.org/docs/main/generated/torch.nn.Module.html#torch.nn.Module.register_full_backward_hook for more details.
  [femnist eps~0.5] epoch 1/15
  [femnist eps~0.5] epoch 2/15
  [femnist eps~0.5] epoch 3/15
  [femnist eps~0.5] epoch 4/15
  [femnist eps~0.5] epoch 5/15
  [femnist eps~0.5] epoch 6/15
  [femnist eps~0.5] epoch 7/15
  [femnist eps~0.5] epoch 8/15
  [femnist eps~0.5] epoch 9/15
  [femnist eps~0.5] epoch 10/15
  [femnist eps~0.5] epoch 11/15
  [femnist eps~0.5] epoch 12/15
  [femnist eps~0.5] epoch 13/15
  [femnist eps~0.5] epoch 14/15
  [femnist eps~0.5] epoch 15/15
[femnist] target_eps=0.5  realized_eps=0.493  test_acc=0.0212
[femnist eps~1.0] device=cuda, loading data...
  [femnist eps~1.0] epoch 1/15
  [femnist eps~1.0] epoch 2/15
  [femnist eps~1.0] epoch 3/15
  [femnist eps~1.0] epoch 4/15
  [femnist eps~1.0] epoch 5/15
  [femnist eps~1.0] epoch 6/15
  [femnist eps~1.0] epoch 7/15
  [femnist eps~1.0] epoch 8/15
  [femnist eps~1.0] epoch 9/15
  [femnist eps~1.0] epoch 10/15
  [femnist eps~1.0] epoch 11/15
  [femnist eps~1.0] epoch 12/15
  [femnist eps~1.0] epoch 13/15
  [femnist eps~1.0] epoch 14/15
  [femnist eps~1.0] epoch 15/15
[femnist] target_eps=1.0  realized_eps=0.991  test_acc=0.0210
[femnist eps~2.0] device=cuda, loading data...
  [femnist eps~2.0] epoch 1/15
  [femnist eps~2.0] epoch 2/15
  [femnist eps~2.0] epoch 3/15
  [femnist eps~2.0] epoch 4/15
  [femnist eps~2.0] epoch 5/15
  [femnist eps~2.0] epoch 6/15
  [femnist eps~2.0] epoch 7/15
  [femnist eps~2.0] epoch 8/15
  [femnist eps~2.0] epoch 9/15
  [femnist eps~2.0] epoch 10/15
  [femnist eps~2.0] epoch 11/15
  [femnist eps~2.0] epoch 12/15
  [femnist eps~2.0] epoch 13/15
  [femnist eps~2.0] epoch 14/15
  [femnist eps~2.0] epoch 15/15
[femnist] target_eps=2.0  realized_eps=2.000  test_acc=0.3923
[femnist eps~4.0] device=cuda, loading data...
  [femnist eps~4.0] epoch 1/15
  [femnist eps~4.0] epoch 2/15
  [femnist eps~4.0] epoch 3/15
  [femnist eps~4.0] epoch 4/15
  [femnist eps~4.0] epoch 5/15
  [femnist eps~4.0] epoch 6/15
  [femnist eps~4.0] epoch 7/15
  [femnist eps~4.0] epoch 8/15
  [femnist eps~4.0] epoch 9/15
  [femnist eps~4.0] epoch 10/15
  [femnist eps~4.0] epoch 11/15
  [femnist eps~4.0] epoch 12/15
  [femnist eps~4.0] epoch 13/15
  [femnist eps~4.0] epoch 14/15
  [femnist eps~4.0] epoch 15/15
[femnist] target_eps=4.0  realized_eps=3.993  test_acc=0.5847
[femnist eps~8.0] device=cuda, loading data...
  [femnist eps~8.0] epoch 1/15
  [femnist eps~8.0] epoch 2/15
  [femnist eps~8.0] epoch 3/15
  [femnist eps~8.0] epoch 4/15
  [femnist eps~8.0] epoch 5/15
  [femnist eps~8.0] epoch 6/15
  [femnist eps~8.0] epoch 7/15
  [femnist eps~8.0] epoch 8/15
  [femnist eps~8.0] epoch 9/15
  [femnist eps~8.0] epoch 10/15
  [femnist eps~8.0] epoch 11/15
  [femnist eps~8.0] epoch 12/15
  [femnist eps~8.0] epoch 13/15
  [femnist eps~8.0] epoch 14/15
  [femnist eps~8.0] epoch 15/15
[femnist] target_eps=8.0  realized_eps=7.991  test_acc=0.6409
wrote results/dp_femnist.csv
[femnist eps~1.0] device=cuda, loading data...
/home/pronoy/miniconda3/envs/fedenv/lib/python3.12/site-packages/opacus/privacy_engine.py:98: UserWarning: Secure RNG turned off. This is perfectly fine for experimentation as it allows for much faster training performance, but remember to turn it on and retrain one last time before production with ``secure_mode`` turned on.
  warnings.warn(
/home/pronoy/miniconda3/envs/fedenv/lib/python3.12/site-packages/opacus/accountants/analysis/rdp.py:332: UserWarning: Optimal order is the largest alpha. Please consider expanding the range of alphas to get a tighter privacy bound.
  warnings.warn(
sys:1: UserWarning: Full backward hook is firing when gradients are computed with respect to module outputs since no inputs require gradients. See https://docs.pytorch.org/docs/main/generated/torch.nn.Module.html#torch.nn.Module.register_full_backward_hook for more details.
  [femnist eps~1.0] epoch 1/4  eps_so_far=0.57
  [femnist eps~1.0] epoch 2/4  eps_so_far=0.75
  [femnist eps~1.0] epoch 3/4  eps_so_far=0.88
  [femnist eps~1.0] epoch 4/4  eps_so_far=1.00
[femnist] target_eps=1.0  realized_eps=1.000  test_acc=0.4534
[femnist eps~8.0] device=cuda, loading data...
  [femnist eps~8.0] epoch 1/4  eps_so_far=5.53
  [femnist eps~8.0] epoch 2/4  eps_so_far=6.53
  [femnist eps~8.0] epoch 3/4  eps_so_far=7.32
  [femnist eps~8.0] epoch 4/4  eps_so_far=8.00
[femnist] target_eps=8.0  realized_eps=7.995  test_acc=0.4630
wrote results/dp_femnist.csv
[femnist eps~1.0] device=cuda, loading data...
/home/pronoy/miniconda3/envs/fedenv/lib/python3.12/site-packages/opacus/privacy_engine.py:98: UserWarning: Secure RNG turned off. This is perfectly fine for experimentation as it allows for much faster training performance, but remember to turn it on and retrain one last time before production with ``secure_mode`` turned on.
  warnings.warn(
/home/pronoy/miniconda3/envs/fedenv/lib/python3.12/site-packages/opacus/accountants/analysis/rdp.py:332: UserWarning: Optimal order is the largest alpha. Please consider expanding the range of alphas to get a tighter privacy bound.
  warnings.warn(
sys:1: UserWarning: Full backward hook is firing when gradients are computed with respect to module outputs since no inputs require gradients. See https://docs.pytorch.org/docs/main/generated/torch.nn.Module.html#torch.nn.Module.register_full_backward_hook for more details.
  [femnist eps~1.0] epoch 1/4  eps_so_far=0.57
  [femnist eps~1.0] epoch 2/4  eps_so_far=0.75
  [femnist eps~1.0] epoch 3/4  eps_so_far=0.88
  [femnist eps~1.0] epoch 4/4  eps_so_far=1.00
[femnist] target_eps=1.0  realized_eps=1.000  test_acc=0.4727
[femnist eps~8.0] device=cuda, loading data...
  [femnist eps~8.0] epoch 1/4  eps_so_far=5.53
  [femnist eps~8.0] epoch 2/4  eps_so_far=6.53
  [femnist eps~8.0] epoch 3/4  eps_so_far=7.32
  [femnist eps~8.0] epoch 4/4  eps_so_far=8.00
[femnist] target_eps=8.0  realized_eps=7.995  test_acc=0.4709
wrote results/dp_femnist.csv
[femnist eps~0.1] device=cuda, loading data...
/home/pronoy/miniconda3/envs/fedenv/lib/python3.12/site-packages/opacus/privacy_engine.py:98: UserWarning: Secure RNG turned off. This is perfectly fine for experimentation as it allows for much faster training performance, but remember to turn it on and retrain one last time before production with ``secure_mode`` turned on.
  warnings.warn(
/home/pronoy/miniconda3/envs/fedenv/lib/python3.12/site-packages/opacus/accountants/analysis/rdp.py:332: UserWarning: Optimal order is the largest alpha. Please consider expanding the range of alphas to get a tighter privacy bound.
  warnings.warn(
sys:1: UserWarning: Full backward hook is firing when gradients are computed with respect to module outputs since no inputs require gradients. See https://docs.pytorch.org/docs/main/generated/torch.nn.Module.html#torch.nn.Module.register_full_backward_hook for more details.
  [femnist eps~0.1] epoch 1/20  eps_so_far=0.03
  [femnist eps~0.1] epoch 2/20  eps_so_far=0.03
  [femnist eps~0.1] epoch 3/20  eps_so_far=0.04
  [femnist eps~0.1] epoch 4/20  eps_so_far=0.05
  [femnist eps~0.1] epoch 5/20  eps_so_far=0.05
  [femnist eps~0.1] epoch 6/20  eps_so_far=0.05
  [femnist eps~0.1] epoch 7/20  eps_so_far=0.06
  [femnist eps~0.1] epoch 8/20  eps_so_far=0.06
  [femnist eps~0.1] epoch 9/20  eps_so_far=0.07
  [femnist eps~0.1] epoch 10/20  eps_so_far=0.07
  [femnist eps~0.1] epoch 11/20  eps_so_far=0.07
  [femnist eps~0.1] epoch 12/20  eps_so_far=0.08
  [femnist eps~0.1] epoch 13/20  eps_so_far=0.08
  [femnist eps~0.1] epoch 14/20  eps_so_far=0.08
  [femnist eps~0.1] epoch 15/20  eps_so_far=0.08
  [femnist eps~0.1] epoch 16/20  eps_so_far=0.09
  [femnist eps~0.1] epoch 17/20  eps_so_far=0.09
  [femnist eps~0.1] epoch 18/20  eps_so_far=0.09
  [femnist eps~0.1] epoch 19/20  eps_so_far=0.09
  [femnist eps~0.1] epoch 20/20  eps_so_far=0.10
[femnist] target_eps=0.1  realized_eps=0.096  test_acc=0.5412
[femnist eps~0.25] device=cuda, loading data...
  [femnist eps~0.25] epoch 1/20  eps_so_far=0.06
  [femnist eps~0.25] epoch 2/20  eps_so_far=0.08
  [femnist eps~0.25] epoch 3/20  eps_so_far=0.10
  [femnist eps~0.25] epoch 4/20  eps_so_far=0.11
  [femnist eps~0.25] epoch 5/20  eps_so_far=0.12
  [femnist eps~0.25] epoch 6/20  eps_so_far=0.13
  [femnist eps~0.25] epoch 7/20  eps_so_far=0.15
  [femnist eps~0.25] epoch 8/20  eps_so_far=0.16
  [femnist eps~0.25] epoch 9/20  eps_so_far=0.17
  [femnist eps~0.25] epoch 10/20  eps_so_far=0.17
  [femnist eps~0.25] epoch 11/20  eps_so_far=0.18
  [femnist eps~0.25] epoch 12/20  eps_so_far=0.19
  [femnist eps~0.25] epoch 13/20  eps_so_far=0.20
  [femnist eps~0.25] epoch 14/20  eps_so_far=0.21
  [femnist eps~0.25] epoch 15/20  eps_so_far=0.22
  [femnist eps~0.25] epoch 16/20  eps_so_far=0.22
  [femnist eps~0.25] epoch 17/20  eps_so_far=0.23
  [femnist eps~0.25] epoch 18/20  eps_so_far=0.24
  [femnist eps~0.25] epoch 19/20  eps_so_far=0.24
  [femnist eps~0.25] epoch 20/20  eps_so_far=0.25
[femnist] target_eps=0.25  realized_eps=0.250  test_acc=0.6174
[femnist eps~0.5] device=cuda, loading data...
  [femnist eps~0.5] epoch 1/20  eps_so_far=0.11
  [femnist eps~0.5] epoch 2/20  eps_so_far=0.15
  [femnist eps~0.5] epoch 3/20  eps_so_far=0.18
  [femnist eps~0.5] epoch 4/20  eps_so_far=0.21
  [femnist eps~0.5] epoch 5/20  eps_so_far=0.24
  [femnist eps~0.5] epoch 6/20  eps_so_far=0.26
  [femnist eps~0.5] epoch 7/20  eps_so_far=0.28
  [femnist eps~0.5] epoch 8/20  eps_so_far=0.30
  [femnist eps~0.5] epoch 9/20  eps_so_far=0.32
  [femnist eps~0.5] epoch 10/20  eps_so_far=0.34
  [femnist eps~0.5] epoch 11/20  eps_so_far=0.36
  [femnist eps~0.5] epoch 12/20  eps_so_far=0.38
  [femnist eps~0.5] epoch 13/20  eps_so_far=0.39
  [femnist eps~0.5] epoch 14/20  eps_so_far=0.41
  [femnist eps~0.5] epoch 15/20  eps_so_far=0.42
  [femnist eps~0.5] epoch 16/20  eps_so_far=0.44
  [femnist eps~0.5] epoch 17/20  eps_so_far=0.45
  [femnist eps~0.5] epoch 18/20  eps_so_far=0.46
  [femnist eps~0.5] epoch 19/20  eps_so_far=0.48
  [femnist eps~0.5] epoch 20/20  eps_so_far=0.49
[femnist] target_eps=0.5  realized_eps=0.492  test_acc=0.6344
[femnist eps~1.0] device=cuda, loading data...
  [femnist eps~1.0] epoch 1/20  eps_so_far=0.22
  [femnist eps~1.0] epoch 2/20  eps_so_far=0.31
  [femnist eps~1.0] epoch 3/20  eps_so_far=0.38
  [femnist eps~1.0] epoch 4/20  eps_so_far=0.43
  [femnist eps~1.0] epoch 5/20  eps_so_far=0.49
  [femnist eps~1.0] epoch 6/20  eps_so_far=0.53
  [femnist eps~1.0] epoch 7/20  eps_so_far=0.58
  [femnist eps~1.0] epoch 8/20  eps_so_far=0.62
  [femnist eps~1.0] epoch 9/20  eps_so_far=0.66
  [femnist eps~1.0] epoch 10/20  eps_so_far=0.69
  [femnist eps~1.0] epoch 11/20  eps_so_far=0.73
  [femnist eps~1.0] epoch 12/20  eps_so_far=0.76
  [femnist eps~1.0] epoch 13/20  eps_so_far=0.80
  [femnist eps~1.0] epoch 14/20  eps_so_far=0.83
  [femnist eps~1.0] epoch 15/20  eps_so_far=0.86
  [femnist eps~1.0] epoch 16/20  eps_so_far=0.89
  [femnist eps~1.0] epoch 17/20  eps_so_far=0.92
  [femnist eps~1.0] epoch 18/20  eps_so_far=0.94
  [femnist eps~1.0] epoch 19/20  eps_so_far=0.97
  [femnist eps~1.0] epoch 20/20  eps_so_far=1.00
[femnist] target_eps=1.0  realized_eps=0.999  test_acc=0.6311
[femnist eps~2.0] device=cuda, loading data...
  [femnist eps~2.0] epoch 1/20  eps_so_far=0.51
  [femnist eps~2.0] epoch 2/20  eps_so_far=0.67
  [femnist eps~2.0] epoch 3/20  eps_so_far=0.79
  [femnist eps~2.0] epoch 4/20  eps_so_far=0.90
  [femnist eps~2.0] epoch 5/20  eps_so_far=1.00
  [femnist eps~2.0] epoch 6/20  eps_so_far=1.09
  [femnist eps~2.0] epoch 7/20  eps_so_far=1.18
  [femnist eps~2.0] epoch 8/20  eps_so_far=1.26
  [femnist eps~2.0] epoch 9/20  eps_so_far=1.33
  [femnist eps~2.0] epoch 10/20  eps_so_far=1.40
  [femnist eps~2.0] epoch 11/20  eps_so_far=1.47
  [femnist eps~2.0] epoch 12/20  eps_so_far=1.54
  [femnist eps~2.0] epoch 13/20  eps_so_far=1.60
  [femnist eps~2.0] epoch 14/20  eps_so_far=1.66
  [femnist eps~2.0] epoch 15/20  eps_so_far=1.72
  [femnist eps~2.0] epoch 16/20  eps_so_far=1.78
  [femnist eps~2.0] epoch 17/20  eps_so_far=1.84
  [femnist eps~2.0] epoch 18/20  eps_so_far=1.89
  [femnist eps~2.0] epoch 19/20  eps_so_far=1.95
  [femnist eps~2.0] epoch 20/20  eps_so_far=2.00
[femnist] target_eps=2.0  realized_eps=1.999  test_acc=0.6416
[femnist eps~4.0] device=cuda, loading data...
  [femnist eps~4.0] epoch 1/20  eps_so_far=1.41
  [femnist eps~4.0] epoch 2/20  eps_so_far=1.68
  [femnist eps~4.0] epoch 3/20  eps_so_far=1.89
  [femnist eps~4.0] epoch 4/20  eps_so_far=2.07
  [femnist eps~4.0] epoch 5/20  eps_so_far=2.23
  [femnist eps~4.0] epoch 6/20  eps_so_far=2.39
  [femnist eps~4.0] epoch 7/20  eps_so_far=2.53
  [femnist eps~4.0] epoch 8/20  eps_so_far=2.67
  [femnist eps~4.0] epoch 9/20  eps_so_far=2.80
  [femnist eps~4.0] epoch 10/20  eps_so_far=2.92
  [femnist eps~4.0] epoch 11/20  eps_so_far=3.04
  [femnist eps~4.0] epoch 12/20  eps_so_far=3.16
  [femnist eps~4.0] epoch 13/20  eps_so_far=3.27
  [femnist eps~4.0] epoch 14/20  eps_so_far=3.38
  [femnist eps~4.0] epoch 15/20  eps_so_far=3.49
  [femnist eps~4.0] epoch 16/20  eps_so_far=3.59
  [femnist eps~4.0] epoch 17/20  eps_so_far=3.70
  [femnist eps~4.0] epoch 18/20  eps_so_far=3.80
  [femnist eps~4.0] epoch 19/20  eps_so_far=3.89
  [femnist eps~4.0] epoch 20/20  eps_so_far=3.99
[femnist] target_eps=4.0  realized_eps=3.991  test_acc=0.6345
[femnist eps~8.0] device=cuda, loading data...
  [femnist eps~8.0] epoch 1/20  eps_so_far=3.14
  [femnist eps~8.0] epoch 2/20  eps_so_far=3.65
  [femnist eps~8.0] epoch 3/20  eps_so_far=4.04
  [femnist eps~8.0] epoch 4/20  eps_so_far=4.39
  [femnist eps~8.0] epoch 5/20  eps_so_far=4.70
  [femnist eps~8.0] epoch 6/20  eps_so_far=4.99
  [femnist eps~8.0] epoch 7/20  eps_so_far=5.26
  [femnist eps~8.0] epoch 8/20  eps_so_far=5.51
  [femnist eps~8.0] epoch 9/20  eps_so_far=5.76
  [femnist eps~8.0] epoch 10/20  eps_so_far=5.99
  [femnist eps~8.0] epoch 11/20  eps_so_far=6.22
  [femnist eps~8.0] epoch 12/20  eps_so_far=6.44
  [femnist eps~8.0] epoch 13/20  eps_so_far=6.65
  [femnist eps~8.0] epoch 14/20  eps_so_far=6.85
  [femnist eps~8.0] epoch 15/20  eps_so_far=7.06
  [femnist eps~8.0] epoch 16/20  eps_so_far=7.25
  [femnist eps~8.0] epoch 17/20  eps_so_far=7.44
  [femnist eps~8.0] epoch 18/20  eps_so_far=7.63
  [femnist eps~8.0] epoch 19/20  eps_so_far=7.81
  [femnist eps~8.0] epoch 20/20  eps_so_far=7.99
[femnist] target_eps=8.0  realized_eps=7.994  test_acc=0.6322
[femnist eps~16.0] device=cuda, loading data...
  [femnist eps~16.0] epoch 1/20  eps_so_far=5.87
  [femnist eps~16.0] epoch 2/20  eps_so_far=6.96
  [femnist eps~16.0] epoch 3/20  eps_so_far=7.81
  [femnist eps~16.0] epoch 4/20  eps_so_far=8.54
  [femnist eps~16.0] epoch 5/20  eps_so_far=9.19
  [femnist eps~16.0] epoch 6/20  eps_so_far=9.79
  [femnist eps~16.0] epoch 7/20  eps_so_far=10.35
  [femnist eps~16.0] epoch 8/20  eps_so_far=10.88
  [femnist eps~16.0] epoch 9/20  eps_so_far=11.39
  [femnist eps~16.0] epoch 10/20  eps_so_far=11.87
  [femnist eps~16.0] epoch 11/20  eps_so_far=12.34
  [femnist eps~16.0] epoch 12/20  eps_so_far=12.79
  [femnist eps~16.0] epoch 13/20  eps_so_far=13.22
  [femnist eps~16.0] epoch 14/20  eps_so_far=13.65
  [femnist eps~16.0] epoch 15/20  eps_so_far=14.06
  [femnist eps~16.0] epoch 16/20  eps_so_far=14.46
  [femnist eps~16.0] epoch 17/20  eps_so_far=14.86
  [femnist eps~16.0] epoch 18/20  eps_so_far=15.24
  [femnist eps~16.0] epoch 19/20  eps_so_far=15.62
  [femnist eps~16.0] epoch 20/20  eps_so_far=16.00
[femnist] target_eps=16.0  realized_eps=15.996  test_acc=0.6346
wrote results/dp_femnist.csv
