opacus required: pip install -r requirements-gpu.txt
/home/pronoy/miniconda3/envs/fedenv/lib/python3.12/site-packages/opacus/privacy_engine.py:98: UserWarning: Secure RNG turned off. This is perfectly fine for experimentation as it allows for much faster training performance, but remember to turn it on and retrain one last time before production with ``secure_mode`` turned on.
  warnings.warn(
/home/pronoy/miniconda3/envs/fedenv/lib/python3.12/site-packages/opacus/accountants/analysis/rdp.py:332: UserWarning: Optimal order is the largest alpha. Please consider expanding the range of alphas to get a tighter privacy bound.
  warnings.warn(
sys:1: UserWarning: Full backward hook is firing when gradients are computed with respect to module outputs since no inputs require gradients. See https://docs.pytorch.org/docs/main/generated/torch.nn.Module.html#torch.nn.Module.register_full_backward_hook for more details.
  [mnist eps~1.0] epoch 1/1
[mnist] target_eps=1.0  realized_eps=0.990  test_acc=0.8593
  [mnist eps~4.0] epoch 1/1
[mnist] target_eps=4.0  realized_eps=3.997  test_acc=0.9060
wrote results/dp_mnist.csv
[mnist eps~0.5] device=cuda, loading data...
/home/pronoy/miniconda3/envs/fedenv/lib/python3.12/site-packages/opacus/privacy_engine.py:98: UserWarning: Secure RNG turned off. This is perfectly fine for experimentation as it allows for much faster training performance, but remember to turn it on and retrain one last time before production with ``secure_mode`` turned on.
  warnings.warn(
/home/pronoy/miniconda3/envs/fedenv/lib/python3.12/site-packages/opacus/accountants/analysis/rdp.py:332: UserWarning: Optimal order is the largest alpha. Please consider expanding the range of alphas to get a tighter privacy bound.
  warnings.warn(
sys:1: UserWarning: Full backward hook is firing when gradients are computed with respect to module outputs since no inputs require gradients. See https://docs.pytorch.org/docs/main/generated/torch.nn.Module.html#torch.nn.Module.register_full_backward_hook for more details.
  [mnist eps~0.5] epoch 1/15
  [mnist eps~0.5] epoch 2/15
  [mnist eps~0.5] epoch 3/15
  [mnist eps~0.5] epoch 4/15
  [mnist eps~0.5] epoch 5/15
  [mnist eps~0.5] epoch 6/15
  [mnist eps~0.5] epoch 7/15
  [mnist eps~0.5] epoch 8/15
  [mnist eps~0.5] epoch 9/15
  [mnist eps~0.5] epoch 10/15
  [mnist eps~0.5] epoch 11/15
  [mnist eps~0.5] epoch 12/15
  [mnist eps~0.5] epoch 13/15
  [mnist eps~0.5] epoch 14/15
  [mnist eps~0.5] epoch 15/15
[mnist] target_eps=0.5  realized_eps=0.492  test_acc=0.6461
[mnist eps~1.0] device=cuda, loading data...
  [mnist eps~1.0] epoch 1/15
  [mnist eps~1.0] epoch 2/15
  [mnist eps~1.0] epoch 3/15
  [mnist eps~1.0] epoch 4/15
  [mnist eps~1.0] epoch 5/15
  [mnist eps~1.0] epoch 6/15
  [mnist eps~1.0] epoch 7/15
  [mnist eps~1.0] epoch 8/15
  [mnist eps~1.0] epoch 9/15
  [mnist eps~1.0] epoch 10/15
  [mnist eps~1.0] epoch 11/15
  [mnist eps~1.0] epoch 12/15
  [mnist eps~1.0] epoch 13/15
  [mnist eps~1.0] epoch 14/15
  [mnist eps~1.0] epoch 15/15
[mnist] target_eps=1.0  realized_eps=1.000  test_acc=0.1304
[mnist eps~2.0] device=cuda, loading data...
  [mnist eps~2.0] epoch 1/15
  [mnist eps~2.0] epoch 2/15
  [mnist eps~2.0] epoch 3/15
  [mnist eps~2.0] epoch 4/15
  [mnist eps~2.0] epoch 5/15
  [mnist eps~2.0] epoch 6/15
  [mnist eps~2.0] epoch 7/15
  [mnist eps~2.0] epoch 8/15
  [mnist eps~2.0] epoch 9/15
  [mnist eps~2.0] epoch 10/15
  [mnist eps~2.0] epoch 11/15
  [mnist eps~2.0] epoch 12/15
  [mnist eps~2.0] epoch 13/15
  [mnist eps~2.0] epoch 14/15
  [mnist eps~2.0] epoch 15/15
[mnist] target_eps=2.0  realized_eps=1.993  test_acc=0.8282
[mnist eps~4.0] device=cuda, loading data...
  [mnist eps~4.0] epoch 1/15
  [mnist eps~4.0] epoch 2/15
  [mnist eps~4.0] epoch 3/15
  [mnist eps~4.0] epoch 4/15
  [mnist eps~4.0] epoch 5/15
  [mnist eps~4.0] epoch 6/15
  [mnist eps~4.0] epoch 7/15
  [mnist eps~4.0] epoch 8/15
  [mnist eps~4.0] epoch 9/15
  [mnist eps~4.0] epoch 10/15
  [mnist eps~4.0] epoch 11/15
  [mnist eps~4.0] epoch 12/15
  [mnist eps~4.0] epoch 13/15
  [mnist eps~4.0] epoch 14/15
  [mnist eps~4.0] epoch 15/15
[mnist] target_eps=4.0  realized_eps=3.996  test_acc=0.8752
[mnist eps~8.0] device=cuda, loading data...
  [mnist eps~8.0] epoch 1/15
  [mnist eps~8.0] epoch 2/15
  [mnist eps~8.0] epoch 3/15
  [mnist eps~8.0] epoch 4/15
  [mnist eps~8.0] epoch 5/15
  [mnist eps~8.0] epoch 6/15
  [mnist eps~8.0] epoch 7/15
  [mnist eps~8.0] epoch 8/15
  [mnist eps~8.0] epoch 9/15
  [mnist eps~8.0] epoch 10/15
  [mnist eps~8.0] epoch 11/15
  [mnist eps~8.0] epoch 12/15
  [mnist eps~8.0] epoch 13/15
  [mnist eps~8.0] epoch 14/15
  [mnist eps~8.0] epoch 15/15
[mnist] target_eps=8.0  realized_eps=7.995  test_acc=0.8851
wrote results/dp_mnist.csv
[mnist eps~1.0] device=cuda, loading data...
/home/pronoy/miniconda3/envs/fedenv/lib/python3.12/site-packages/opacus/privacy_engine.py:98: UserWarning: Secure RNG turned off. This is perfectly fine for experimentation as it allows for much faster training performance, but remember to turn it on and retrain one last time before production with ``secure_mode`` turned on.
  warnings.warn(
/home/pronoy/miniconda3/envs/fedenv/lib/python3.12/site-packages/opacus/accountants/analysis/rdp.py:332: UserWarning: Optimal order is the largest alpha. Please consider expanding the range of alphas to get a tighter privacy bound.
  warnings.warn(
sys:1: UserWarning: Full backward hook is firing when gradients are computed with respect to module outputs since no inputs require gradients. See https://docs.pytorch.org/docs/main/generated/torch.nn.Module.html#torch.nn.Module.register_full_backward_hook for more details.
  [mnist eps~1.0] epoch 1/4  eps_so_far=0.55
  [mnist eps~1.0] epoch 2/4  eps_so_far=0.73
  [mnist eps~1.0] epoch 3/4  eps_so_far=0.87
  [mnist eps~1.0] epoch 4/4  eps_so_far=1.00
[mnist] target_eps=1.0  realized_eps=0.999  test_acc=0.7848
[mnist eps~8.0] device=cuda, loading data...
  [mnist eps~8.0] epoch 1/4  eps_so_far=5.39
  [mnist eps~8.0] epoch 2/4  eps_so_far=6.45
  [mnist eps~8.0] epoch 3/4  eps_so_far=7.28
  [mnist eps~8.0] epoch 4/4  eps_so_far=8.00
[mnist] target_eps=8.0  realized_eps=7.996  test_acc=0.7986
wrote results/dp_mnist.csv
[mnist eps~1.0] device=cuda, loading data...
/home/pronoy/miniconda3/envs/fedenv/lib/python3.12/site-packages/opacus/privacy_engine.py:98: UserWarning: Secure RNG turned off. This is perfectly fine for experimentation as it allows for much faster training performance, but remember to turn it on and retrain one last time before production with ``secure_mode`` turned on.
  warnings.warn(
/home/pronoy/miniconda3/envs/fedenv/lib/python3.12/site-packages/opacus/accountants/analysis/rdp.py:332: UserWarning: Optimal order is the largest alpha. Please consider expanding the range of alphas to get a tighter privacy bound.
  warnings.warn(
sys:1: UserWarning: Full backward hook is firing when gradients are computed with respect to module outputs since no inputs require gradients. See https://docs.pytorch.org/docs/main/generated/torch.nn.Module.html#torch.nn.Module.register_full_backward_hook for more details.
  [mnist eps~1.0] epoch 1/4  eps_so_far=0.55
  [mnist eps~1.0] epoch 2/4  eps_so_far=0.73
  [mnist eps~1.0] epoch 3/4  eps_so_far=0.87
  [mnist eps~1.0] epoch 4/4  eps_so_far=1.00
[mnist] target_eps=1.0  realized_eps=0.999  test_acc=0.7810
[mnist eps~8.0] device=cuda, loading data...
  [mnist eps~8.0] epoch 1/4  eps_so_far=5.39
  [mnist eps~8.0] epoch 2/4  eps_so_far=6.45
  [mnist eps~8.0] epoch 3/4  eps_so_far=7.28
  [mnist eps~8.0] epoch 4/4  eps_so_far=8.00
[mnist] target_eps=8.0  realized_eps=7.996  test_acc=0.7873
wrote results/dp_mnist.csv
[mnist eps~0.1] device=cuda, loading data...
/home/pronoy/miniconda3/envs/fedenv/lib/python3.12/site-packages/opacus/privacy_engine.py:98: UserWarning: Secure RNG turned off. This is perfectly fine for experimentation as it allows for much faster training performance, but remember to turn it on and retrain one last time before production with ``secure_mode`` turned on.
  warnings.warn(
/home/pronoy/miniconda3/envs/fedenv/lib/python3.12/site-packages/opacus/accountants/analysis/rdp.py:332: UserWarning: Optimal order is the largest alpha. Please consider expanding the range of alphas to get a tighter privacy bound.
  warnings.warn(
sys:1: UserWarning: Full backward hook is firing when gradients are computed with respect to module outputs since no inputs require gradients. See https://docs.pytorch.org/docs/main/generated/torch.nn.Module.html#torch.nn.Module.register_full_backward_hook for more details.
  [mnist eps~0.1] epoch 1/20  eps_so_far=0.03
  [mnist eps~0.1] epoch 2/20  eps_so_far=0.04
  [mnist eps~0.1] epoch 3/20  eps_so_far=0.04
  [mnist eps~0.1] epoch 4/20  eps_so_far=0.05
  [mnist eps~0.1] epoch 5/20  eps_so_far=0.05
  [mnist eps~0.1] epoch 6/20  eps_so_far=0.06
  [mnist eps~0.1] epoch 7/20  eps_so_far=0.06
  [mnist eps~0.1] epoch 8/20  eps_so_far=0.06
  [mnist eps~0.1] epoch 9/20  eps_so_far=0.07
  [mnist eps~0.1] epoch 10/20  eps_so_far=0.07
  [mnist eps~0.1] epoch 11/20  eps_so_far=0.07
  [mnist eps~0.1] epoch 12/20  eps_so_far=0.08
  [mnist eps~0.1] epoch 13/20  eps_so_far=0.08
  [mnist eps~0.1] epoch 14/20  eps_so_far=0.08
  [mnist eps~0.1] epoch 15/20  eps_so_far=0.09
  [mnist eps~0.1] epoch 16/20  eps_so_far=0.09
  [mnist eps~0.1] epoch 17/20  eps_so_far=0.09
  [mnist eps~0.1] epoch 18/20  eps_so_far=0.09
  [mnist eps~0.1] epoch 19/20  eps_so_far=0.10
  [mnist eps~0.1] epoch 20/20  eps_so_far=0.10
[mnist] target_eps=0.1  realized_eps=0.099  test_acc=0.8794
[mnist eps~0.25] device=cuda, loading data...
  [mnist eps~0.25] epoch 1/20  eps_so_far=0.06
  [mnist eps~0.25] epoch 2/20  eps_so_far=0.08
  [mnist eps~0.25] epoch 3/20  eps_so_far=0.10
  [mnist eps~0.25] epoch 4/20  eps_so_far=0.11
  [mnist eps~0.25] epoch 5/20  eps_so_far=0.12
  [mnist eps~0.25] epoch 6/20  eps_so_far=0.13
  [mnist eps~0.25] epoch 7/20  eps_so_far=0.15
  [mnist eps~0.25] epoch 8/20  eps_so_far=0.16
  [mnist eps~0.25] epoch 9/20  eps_so_far=0.17
  [mnist eps~0.25] epoch 10/20  eps_so_far=0.17
  [mnist eps~0.25] epoch 11/20  eps_so_far=0.18
  [mnist eps~0.25] epoch 12/20  eps_so_far=0.19
  [mnist eps~0.25] epoch 13/20  eps_so_far=0.20
  [mnist eps~0.25] epoch 14/20  eps_so_far=0.21
  [mnist eps~0.25] epoch 15/20  eps_so_far=0.21
  [mnist eps~0.25] epoch 16/20  eps_so_far=0.22
  [mnist eps~0.25] epoch 17/20  eps_so_far=0.23
  [mnist eps~0.25] epoch 18/20  eps_so_far=0.24
  [mnist eps~0.25] epoch 19/20  eps_so_far=0.24
  [mnist eps~0.25] epoch 20/20  eps_so_far=0.25
[mnist] target_eps=0.25  realized_eps=0.249  test_acc=0.8966
[mnist eps~0.5] device=cuda, loading data...
  [mnist eps~0.5] epoch 1/20  eps_so_far=0.11
  [mnist eps~0.5] epoch 2/20  eps_so_far=0.15
  [mnist eps~0.5] epoch 3/20  eps_so_far=0.19
  [mnist eps~0.5] epoch 4/20  eps_so_far=0.22
  [mnist eps~0.5] epoch 5/20  eps_so_far=0.24
  [mnist eps~0.5] epoch 6/20  eps_so_far=0.27
  [mnist eps~0.5] epoch 7/20  eps_so_far=0.29
  [mnist eps~0.5] epoch 8/20  eps_so_far=0.31
  [mnist eps~0.5] epoch 9/20  eps_so_far=0.33
  [mnist eps~0.5] epoch 10/20  eps_so_far=0.35
  [mnist eps~0.5] epoch 11/20  eps_so_far=0.36
  [mnist eps~0.5] epoch 12/20  eps_so_far=0.38
  [mnist eps~0.5] epoch 13/20  eps_so_far=0.40
  [mnist eps~0.5] epoch 14/20  eps_so_far=0.41
  [mnist eps~0.5] epoch 15/20  eps_so_far=0.43
  [mnist eps~0.5] epoch 16/20  eps_so_far=0.44
  [mnist eps~0.5] epoch 17/20  eps_so_far=0.46
  [mnist eps~0.5] epoch 18/20  eps_so_far=0.47
  [mnist eps~0.5] epoch 19/20  eps_so_far=0.48
  [mnist eps~0.5] epoch 20/20  eps_so_far=0.50
[mnist] target_eps=0.5  realized_eps=0.497  test_acc=0.9047
[mnist eps~1.0] device=cuda, loading data...
  [mnist eps~1.0] epoch 1/20  eps_so_far=0.22
  [mnist eps~1.0] epoch 2/20  eps_so_far=0.30
  [mnist eps~1.0] epoch 3/20  eps_so_far=0.37
  [mnist eps~1.0] epoch 4/20  eps_so_far=0.43
  [mnist eps~1.0] epoch 5/20  eps_so_far=0.48
  [mnist eps~1.0] epoch 6/20  eps_so_far=0.53
  [mnist eps~1.0] epoch 7/20  eps_so_far=0.57
  [mnist eps~1.0] epoch 8/20  eps_so_far=0.61
  [mnist eps~1.0] epoch 9/20  eps_so_far=0.65
  [mnist eps~1.0] epoch 10/20  eps_so_far=0.69
  [mnist eps~1.0] epoch 11/20  eps_so_far=0.72
  [mnist eps~1.0] epoch 12/20  eps_so_far=0.76
  [mnist eps~1.0] epoch 13/20  eps_so_far=0.79
  [mnist eps~1.0] epoch 14/20  eps_so_far=0.82
  [mnist eps~1.0] epoch 15/20  eps_so_far=0.85
  [mnist eps~1.0] epoch 16/20  eps_so_far=0.88
  [mnist eps~1.0] epoch 17/20  eps_so_far=0.91
  [mnist eps~1.0] epoch 18/20  eps_so_far=0.94
  [mnist eps~1.0] epoch 19/20  eps_so_far=0.97
  [mnist eps~1.0] epoch 20/20  eps_so_far=0.99
[mnist] target_eps=1.0  realized_eps=0.992  test_acc=0.9024
[mnist eps~2.0] device=cuda, loading data...
  [mnist eps~2.0] epoch 1/20  eps_so_far=0.48
  [mnist eps~2.0] epoch 2/20  eps_so_far=0.64
  [mnist eps~2.0] epoch 3/20  eps_so_far=0.77
  [mnist eps~2.0] epoch 4/20  eps_so_far=0.89
  [mnist eps~2.0] epoch 5/20  eps_so_far=0.99
  [mnist eps~2.0] epoch 6/20  eps_so_far=1.08
  [mnist eps~2.0] epoch 7/20  eps_so_far=1.17
  [mnist eps~2.0] epoch 8/20  eps_so_far=1.25
  [mnist eps~2.0] epoch 9/20  eps_so_far=1.32
  [mnist eps~2.0] epoch 10/20  eps_so_far=1.40
  [mnist eps~2.0] epoch 11/20  eps_so_far=1.46
  [mnist eps~2.0] epoch 12/20  eps_so_far=1.53
  [mnist eps~2.0] epoch 13/20  eps_so_far=1.60
  [mnist eps~2.0] epoch 14/20  eps_so_far=1.66
  [mnist eps~2.0] epoch 15/20  eps_so_far=1.72
  [mnist eps~2.0] epoch 16/20  eps_so_far=1.78
  [mnist eps~2.0] epoch 17/20  eps_so_far=1.83
  [mnist eps~2.0] epoch 18/20  eps_so_far=1.89
  [mnist eps~2.0] epoch 19/20  eps_so_far=1.95
  [mnist eps~2.0] epoch 20/20  eps_so_far=2.00
[mnist] target_eps=2.0  realized_eps=1.998  test_acc=0.9008
[mnist eps~4.0] device=cuda, loading data...
  [mnist eps~4.0] epoch 1/20  eps_so_far=1.23
  [mnist eps~4.0] epoch 2/20  eps_so_far=1.51
  [mnist eps~4.0] epoch 3/20  eps_so_far=1.74
  [mnist eps~4.0] epoch 4/20  eps_so_far=1.94
  [mnist eps~4.0] epoch 5/20  eps_so_far=2.11
  [mnist eps~4.0] epoch 6/20  eps_so_far=2.28
  [mnist eps~4.0] epoch 7/20  eps_so_far=2.44
  [mnist eps~4.0] epoch 8/20  eps_so_far=2.58
  [mnist eps~4.0] epoch 9/20  eps_so_far=2.72
  [mnist eps~4.0] epoch 10/20  eps_so_far=2.86
  [mnist eps~4.0] epoch 11/20  eps_so_far=2.99
  [mnist eps~4.0] epoch 12/20  eps_so_far=3.11
  [mnist eps~4.0] epoch 13/20  eps_so_far=3.23
  [mnist eps~4.0] epoch 14/20  eps_so_far=3.35
  [mnist eps~4.0] epoch 15/20  eps_so_far=3.46
  [mnist eps~4.0] epoch 16/20  eps_so_far=3.57
  [mnist eps~4.0] epoch 17/20  eps_so_far=3.68
  [mnist eps~4.0] epoch 18/20  eps_so_far=3.79
  [mnist eps~4.0] epoch 19/20  eps_so_far=3.89
  [mnist eps~4.0] epoch 20/20  eps_so_far=3.99
[mnist] target_eps=4.0  realized_eps=3.993  test_acc=0.9035
[mnist eps~8.0] device=cuda, loading data...
  [mnist eps~8.0] epoch 1/20  eps_so_far=2.88
  [mnist eps~8.0] epoch 2/20  eps_so_far=3.40
  [mnist eps~8.0] epoch 3/20  eps_so_far=3.82
  [mnist eps~8.0] epoch 4/20  eps_so_far=4.18
  [mnist eps~8.0] epoch 5/20  eps_so_far=4.51
  [mnist eps~8.0] epoch 6/20  eps_so_far=4.82
  [mnist eps~8.0] epoch 7/20  eps_so_far=5.10
  [mnist eps~8.0] epoch 8/20  eps_so_far=5.38
  [mnist eps~8.0] epoch 9/20  eps_so_far=5.63
  [mnist eps~8.0] epoch 10/20  eps_so_far=5.88
  [mnist eps~8.0] epoch 11/20  eps_so_far=6.12
  [mnist eps~8.0] epoch 12/20  eps_so_far=6.35
  [mnist eps~8.0] epoch 13/20  eps_so_far=6.57
  [mnist eps~8.0] epoch 14/20  eps_so_far=6.79
  [mnist eps~8.0] epoch 15/20  eps_so_far=7.00
  [mnist eps~8.0] epoch 16/20  eps_so_far=7.21
  [mnist eps~8.0] epoch 17/20  eps_so_far=7.41
  [mnist eps~8.0] epoch 18/20  eps_so_far=7.61
  [mnist eps~8.0] epoch 19/20  eps_so_far=7.81
  [mnist eps~8.0] epoch 20/20  eps_so_far=8.00
[mnist] target_eps=8.0  realized_eps=7.998  test_acc=0.9041
[mnist eps~16.0] device=cuda, loading data...
  [mnist eps~16.0] epoch 1/20  eps_so_far=5.59
  [mnist eps~16.0] epoch 2/20  eps_so_far=6.69
  [mnist eps~16.0] epoch 3/20  eps_so_far=7.56
  [mnist eps~16.0] epoch 4/20  eps_so_far=8.30
  [mnist eps~16.0] epoch 5/20  eps_so_far=8.97
  [mnist eps~16.0] epoch 6/20  eps_so_far=9.59
  [mnist eps~16.0] epoch 7/20  eps_so_far=10.16
  [mnist eps~16.0] epoch 8/20  eps_so_far=10.71
  [mnist eps~16.0] epoch 9/20  eps_so_far=11.23
  [mnist eps~16.0] epoch 10/20  eps_so_far=11.73
  [mnist eps~16.0] epoch 11/20  eps_so_far=12.21
  [mnist eps~16.0] epoch 12/20  eps_so_far=12.67
  [mnist eps~16.0] epoch 13/20  eps_so_far=13.12
  [mnist eps~16.0] epoch 14/20  eps_so_far=13.56
  [mnist eps~16.0] epoch 15/20  eps_so_far=13.99
  [mnist eps~16.0] epoch 16/20  eps_so_far=14.41
  [mnist eps~16.0] epoch 17/20  eps_so_far=14.82
  [mnist eps~16.0] epoch 18/20  eps_so_far=15.22
  [mnist eps~16.0] epoch 19/20  eps_so_far=15.61
  [mnist eps~16.0] epoch 20/20  eps_so_far=15.99
[mnist] target_eps=16.0  realized_eps=15.995  test_acc=0.9018
wrote results/dp_mnist.csv
